[INFO] Scanning for projects...
[INFO] 
[INFO] ------------------------< com.smashvn:SMASH-VN >------------------------
[INFO] Building SMASH-VN 0.0.1-SNAPSHOT
[INFO]   from pom.xml
[INFO] --------------------------------[ jar ]---------------------------------
[INFO] 
[INFO] --- resources:3.3.1:resources (default-resources) @ SMASH-VN ---
[INFO] Copying 1 resource from src\main\resources to target\classes
[INFO] Copying 226 resources from src\main\resources to target\classes
[INFO] 
[INFO] --- compiler:3.14.1:compile (default-compile) @ SMASH-VN ---
[INFO] Recompiling the module because of changed source code.
[INFO] Compiling 152 source files with javac [debug parameters release 21] to target\classes
[INFO] Some messages have been simplified; recompile with -Xdiags:verbose to get full output
[INFO] -------------------------------------------------------------
[WARNING] COMPILATION WARNING : 
[INFO] -------------------------------------------------------------
[WARNING] /H:/SMASH_VN/SMASH-VN_Shop-ban-vot-cau-long/src/main/java/com/smashvn/shop/config/DotenvEnvironmentPostProcessor.java:[16,56] org.springframework.boot.env.EnvironmentPostProcessor in org.springframework.boot.env has been deprecated and marked for removal
[WARNING] /H:/SMASH_VN/SMASH-VN_Shop-ban-vot-cau-long/src/main/java/com/smashvn/shop/config/SecurityConfig.java:[25,24] permissionsPolicy(org.springframework.security.config.Customizer<org.springframework.security.config.annotation.web.configurers.HeadersConfigurer<H>.PermissionsPolicyConfig>) in org.springframework.security.config.annotation.web.configurers.HeadersConfigurer has been deprecated and marked for removal
[INFO] 2 warnings 
[INFO] -------------------------------------------------------------
[INFO] -------------------------------------------------------------
[ERROR] COMPILATION ERROR : 
[INFO] -------------------------------------------------------------
[ERROR] /H:/SMASH_VN/SMASH-VN_Shop-ban-vot-cau-long/src/main/java/com/smashvn/shop/service/OrderViewService.java:[455,19] method getStatusLabel(java.lang.String) is already defined in class com.smashvn.shop.service.OrderViewService
[ERROR] /H:/SMASH_VN/SMASH-VN_Shop-ban-vot-cau-long/src/main/java/com/smashvn/shop/service/UserDangNhapService.java:[25,54] cannot find symbol
  symbol:   method getMatKhau()
  location: variable taiKhoan of type com.smashvn.shop.entity.TaiKhoan
[ERROR] /H:/SMASH_VN/SMASH-VN_Shop-ban-vot-cau-long/src/main/java/com/smashvn/shop/service/UserDangNhapService.java:[38,41] cannot find symbol
  symbol:   method getTrangThai()
  location: variable taiKhoan of type com.smashvn.shop.entity.TaiKhoan
[ERROR] /H:/SMASH_VN/SMASH-VN_Shop-ban-vot-cau-long/src/main/java/com/smashvn/shop/service/UserDangNhapService.java:[38,88] cannot find symbol
  symbol:   method getTrangThai()
  location: variable taiKhoan of type com.smashvn.shop.entity.TaiKhoan
[ERROR] /H:/SMASH_VN/SMASH-VN_Shop-ban-vot-cau-long/src/main/java/com/smashvn/shop/service/UserDangNhapService.java:[47,45] cannot find symbol
  symbol:   method getTrangThai()
  location: variable taiKhoan of type com.smashvn.shop.entity.TaiKhoan
[ERROR] /H:/SMASH_VN/SMASH-VN_Shop-ban-vot-cau-long/src/main/java/com/smashvn/shop/service/UserDangNhapService.java:[57,15] cannot find symbol
  symbol:   method setEmail(java.lang.String)
  location: variable tk of type com.smashvn.shop.entity.TaiKhoan
[ERROR] /H:/SMASH_VN/SMASH-VN_Shop-ban-vot-cau-long/src/main/java/com/smashvn/shop/service/UserDangNhapService.java:[60,15] cannot find symbol
  symbol:   method setMatKhau(java.lang.String)
  location: variable tk of type com.smashvn.shop.entity.TaiKhoan
[ERROR] /H:/SMASH_VN/SMASH-VN_Shop-ban-vot-cau-long/src/main/java/com/smashvn/shop/service/UserDangNhapService.java:[61,15] cannot find symbol
  symbol:   method setVaiTro(java.lang.String)
  location: variable tk of type com.smashvn.shop.entity.TaiKhoan
[ERROR] /H:/SMASH_VN/SMASH-VN_Shop-ban-vot-cau-long/src/main/java/com/smashvn/shop/service/UserDangNhapService.java:[62,15] cannot find symbol
  symbol:   method setLaKhachHang(boolean)
  location: variable tk of type com.smashvn.shop.entity.TaiKhoan
[ERROR] /H:/SMASH_VN/SMASH-VN_Shop-ban-vot-cau-long/src/main/java/com/smashvn/shop/service/UserDangNhapService.java:[63,15] cannot find symbol
  symbol:   method setLaNhanVien(boolean)
  location: variable tk of type com.smashvn.shop.entity.TaiKhoan
[ERROR] /H:/SMASH_VN/SMASH-VN_Shop-ban-vot-cau-long/src/main/java/com/smashvn/shop/service/UserDangNhapService.java:[64,15] cannot find symbol
  symbol:   method setLaQuanLy(boolean)
  location: variable tk of type com.smashvn.shop.entity.TaiKhoan
[ERROR] /H:/SMASH_VN/SMASH-VN_Shop-ban-vot-cau-long/src/main/java/com/smashvn/shop/service/UserDangNhapService.java:[65,15] cannot find symbol
  symbol:   method setTrangThai(java.lang.String)
  location: variable tk of type com.smashvn.shop.entity.TaiKhoan
[ERROR] /H:/SMASH_VN/SMASH-VN_Shop-ban-vot-cau-long/src/main/java/com/smashvn/shop/service/UserDangNhapService.java:[70,15] cannot find symbol
  symbol:   method setTaiKhoan(com.smashvn.shop.entity.TaiKhoan)
  location: variable kh of type com.smashvn.shop.entity.KhachHang
[ERROR] /H:/SMASH_VN/SMASH-VN_Shop-ban-vot-cau-long/src/main/java/com/smashvn/shop/service/UserDangNhapService.java:[71,15] cannot find symbol
  symbol:   method setHoKh(java.lang.String)
  location: variable kh of type com.smashvn.shop.entity.KhachHang
[ERROR] /H:/SMASH_VN/SMASH-VN_Shop-ban-vot-cau-long/src/main/java/com/smashvn/shop/service/UserDangNhapService.java:[72,15] cannot find symbol
  symbol:   method setTenKh(name != nu[...]ogle")
  location: variable kh of type com.smashvn.shop.entity.KhachHang
[ERROR] /H:/SMASH_VN/SMASH-VN_Shop-ban-vot-cau-long/src/main/java/com/smashvn/shop/service/UserDangNhapService.java:[73,15] cannot find symbol
  symbol:   method setSoDienThoaiKh(java.lang.String)
  location: variable kh of type com.smashvn.shop.entity.KhachHang
[ERROR] /H:/SMASH_VN/SMASH-VN_Shop-ban-vot-cau-long/src/main/java/com/smashvn/shop/service/UserDangNhapService.java:[74,15] cannot find symbol
  symbol:   method setNhanBanTin(boolean)
  location: variable kh of type com.smashvn.shop.entity.KhachHang
[ERROR] /H:/SMASH_VN/SMASH-VN_Shop-ban-vot-cau-long/src/main/java/com/smashvn/shop/service/UserDangNhapService.java:[78,39] cannot find symbol
  symbol:   method getTrangThai()
  location: variable tk of type com.smashvn.shop.entity.TaiKhoan
[ERROR] /H:/SMASH_VN/SMASH-VN_Shop-ban-vot-cau-long/src/main/java/com/smashvn/shop/entity/SanPham.java:[53,39] cannot find symbol
  symbol:   method getSoLuongTon()
  location: variable spct of type com.smashvn.shop.entity.SanPhamChiTiet
[ERROR] /H:/SMASH_VN/SMASH-VN_Shop-ban-vot-cau-long/src/main/java/com/smashvn/shop/entity/SanPham.java:[53,70] cannot find symbol
  symbol:   method getSoLuongTon()
  location: variable spct of type com.smashvn.shop.entity.SanPhamChiTiet
[ERROR] /H:/SMASH_VN/SMASH-VN_Shop-ban-vot-cau-long/src/main/java/com/smashvn/shop/config/DatabaseSchemaRepairConfig.java:[19,13] cannot find symbol
  symbol:   variable log
  location: class com.smashvn.shop.config.DatabaseSchemaRepairConfig
[ERROR] /H:/SMASH_VN/SMASH-VN_Shop-ban-vot-cau-long/src/main/java/com/smashvn/shop/config/DatabaseSchemaRepairConfig.java:[23,17] cannot find symbol
  symbol:   variable log
  location: class com.smashvn.shop.config.DatabaseSchemaRepairConfig
[ERROR] /H:/SMASH_VN/SMASH-VN_Shop-ban-vot-cau-long/src/main/java/com/smashvn/shop/config/DatabaseSchemaRepairConfig.java:[26,17] cannot find symbol
  symbol:   variable log
  location: class com.smashvn.shop.config.DatabaseSchemaRepairConfig
[ERROR] /H:/SMASH_VN/SMASH-VN_Shop-ban-vot-cau-long/src/main/java/com/smashvn/shop/config/DatabaseSchemaRepairConfig.java:[32,17] cannot find symbol
  symbol:   variable log
  location: class com.smashvn.shop.config.DatabaseSchemaRepairConfig
[ERROR] /H:/SMASH_VN/SMASH-VN_Shop-ban-vot-cau-long/src/main/java/com/smashvn/shop/config/DatabaseSchemaRepairConfig.java:[77,17] cannot find symbol
  symbol:   variable log
  location: class com.smashvn.shop.config.DatabaseSchemaRepairConfig
[ERROR] /H:/SMASH_VN/SMASH-VN_Shop-ban-vot-cau-long/src/main/java/com/smashvn/shop/config/DatabaseSchemaRepairConfig.java:[79,17] cannot find symbol
  symbol:   variable log
  location: class com.smashvn.shop.config.DatabaseSchemaRepairConfig
[ERROR] /H:/SMASH_VN/SMASH-VN_Shop-ban-vot-cau-long/src/main/java/com/smashvn/shop/config/DatabaseSchemaRepairConfig.java:[113,17] cannot find symbol
  symbol:   variable log
  location: class com.smashvn.shop.config.DatabaseSchemaRepairConfig
[ERROR] /H:/SMASH_VN/SMASH-VN_Shop-ban-vot-cau-long/src/main/java/com/smashvn/shop/config/DatabaseSchemaRepairConfig.java:[115,17] cannot find symbol
  symbol:   variable log
  location: class com.smashvn.shop.config.DatabaseSchemaRepairConfig
[ERROR] /H:/SMASH_VN/SMASH-VN_Shop-ban-vot-cau-long/src/main/java/com/smashvn/shop/config/DatabaseSchemaRepairConfig.java:[120,17] cannot find symbol
  symbol:   variable log
  location: class com.smashvn.shop.config.DatabaseSchemaRepairConfig
[ERROR] /H:/SMASH_VN/SMASH-VN_Shop-ban-vot-cau-long/src/main/java/com/smashvn/shop/config/DatabaseSchemaRepairConfig.java:[122,17] cannot find symbol
  symbol:   variable log
  location: class com.smashvn.shop.config.DatabaseSchemaRepairConfig
[ERROR] /H:/SMASH_VN/SMASH-VN_Shop-ban-vot-cau-long/src/main/java/com/smashvn/shop/config/DatabaseSchemaRepairConfig.java:[124,17] cannot find symbol
  symbol:   variable log
  location: class com.smashvn.shop.config.DatabaseSchemaRepairConfig
[ERROR] /H:/SMASH_VN/SMASH-VN_Shop-ban-vot-cau-long/src/main/java/com/smashvn/shop/config/PlaintextPasswordMigrator.java:[29,9] cannot find symbol
  symbol:   variable log
  location: class com.smashvn.shop.config.PlaintextPasswordMigrator
[ERROR] /H:/SMASH_VN/SMASH-VN_Shop-ban-vot-cau-long/src/main/java/com/smashvn/shop/config/PlaintextPasswordMigrator.java:[33,31] cannot find symbol
  symbol:   method getMatKhau()
  location: variable tk of type com.smashvn.shop.entity.TaiKhoan
[ERROR] /H:/SMASH_VN/SMASH-VN_Shop-ban-vot-cau-long/src/main/java/com/smashvn/shop/config/PlaintextPasswordMigrator.java:[36,19] cannot find symbol
  symbol:   method setMatKhau(java.lang.String)
  location: variable tk of type com.smashvn.shop.entity.TaiKhoan
[ERROR] /H:/SMASH_VN/SMASH-VN_Shop-ban-vot-cau-long/src/main/java/com/smashvn/shop/config/PlaintextPasswordMigrator.java:[39,17] cannot find symbol
  symbol:   variable log
  location: class com.smashvn.shop.config.PlaintextPasswordMigrator
[ERROR] /H:/SMASH_VN/SMASH-VN_Shop-ban-vot-cau-long/src/main/java/com/smashvn/shop/config/PlaintextPasswordMigrator.java:[39,84] cannot find symbol
  symbol:   method getEmail()
  location: variable tk of type com.smashvn.shop.entity.TaiKhoan
[ERROR] /H:/SMASH_VN/SMASH-VN_Shop-ban-vot-cau-long/src/main/java/com/smashvn/shop/config/PlaintextPasswordMigrator.java:[43,9] cannot find symbol
  symbol:   variable log
  location: class com.smashvn.shop.config.PlaintextPasswordMigrator
[ERROR] /H:/SMASH_VN/SMASH-VN_Shop-ban-vot-cau-long/src/main/java/com/smashvn/shop/config/SecurityConfig.java:[65,25] cannot find symbol
  symbol:   variable log
  location: class com.smashvn.shop.config.SecurityConfig
[ERROR] /H:/SMASH_VN/SMASH-VN_Shop-ban-vot-cau-long/src/main/java/com/smashvn/shop/config/SecurityConfig.java:[67,25] cannot find symbol
  symbol:   variable log
  location: class com.smashvn.shop.config.SecurityConfig
[ERROR] /H:/SMASH_VN/SMASH-VN_Shop-ban-vot-cau-long/src/main/java/com/smashvn/shop/config/UploadPathVerifier.java:[21,9] cannot find symbol
  symbol:   variable log
  location: class com.smashvn.shop.config.UploadPathVerifier
[ERROR] /H:/SMASH_VN/SMASH-VN_Shop-ban-vot-cau-long/src/main/java/com/smashvn/shop/config/UploadPathVerifier.java:[24,13] cannot find symbol
  symbol:   variable log
  location: class com.smashvn.shop.config.UploadPathVerifier
[ERROR] /H:/SMASH_VN/SMASH-VN_Shop-ban-vot-cau-long/src/main/java/com/smashvn/shop/config/UploadPathVerifier.java:[29,9] cannot find symbol
  symbol:   variable log
  location: class com.smashvn.shop.config.UploadPathVerifier
[ERROR] /H:/SMASH_VN/SMASH-VN_Shop-ban-vot-cau-long/src/main/java/com/smashvn/shop/config/UploadPathVerifier.java:[34,17] cannot find symbol
  symbol:   variable log
  location: class com.smashvn.shop.config.UploadPathVerifier
[ERROR] /H:/SMASH_VN/SMASH-VN_Shop-ban-vot-cau-long/src/main/java/com/smashvn/shop/config/UploadPathVerifier.java:[37,17] cannot find symbol
  symbol:   variable log
  location: class com.smashvn.shop.config.UploadPathVerifier
[ERROR] /H:/SMASH_VN/SMASH-VN_Shop-ban-vot-cau-long/src/main/java/com/smashvn/shop/config/UploadPathVerifier.java:[44,13] cannot find symbol
  symbol:   variable log
  location: class com.smashvn.shop.config.UploadPathVerifier
[ERROR] /H:/SMASH_VN/SMASH-VN_Shop-ban-vot-cau-long/src/main/java/com/smashvn/shop/config/UploadPathVerifier.java:[48,9] cannot find symbol
  symbol:   variable log
  location: class com.smashvn.shop.config.UploadPathVerifier
[ERROR] /H:/SMASH_VN/SMASH-VN_Shop-ban-vot-cau-long/src/main/java/com/smashvn/shop/service/AdminBienTheService.java:[40,13] cannot find symbol
  symbol:   method setSanPham(com.smashvn.shop.entity.SanPham)
  location: variable spct of type com.smashvn.shop.entity.SanPhamChiTiet
[ERROR] /H:/SMASH_VN/SMASH-VN_Shop-ban-vot-cau-long/src/main/java/com/smashvn/shop/service/AdminBienTheService.java:[41,13] cannot find symbol
  symbol:   method setGiaBan(java.math.BigDecimal)
  location: variable spct of type com.smashvn.shop.entity.SanPhamChiTiet
[ERROR] /H:/SMASH_VN/SMASH-VN_Shop-ban-vot-cau-long/src/main/java/com/smashvn/shop/service/AdminBienTheService.java:[42,13] cannot find symbol
  symbol:   method setSoLuongTon(java.lang.Integer)
  location: variable spct of type com.smashvn.shop.entity.SanPhamChiTiet
[ERROR] /H:/SMASH_VN/SMASH-VN_Shop-ban-vot-cau-long/src/main/java/com/smashvn/shop/service/AdminBienTheService.java:[43,13] cannot find symbol
  symbol:   method setMauSac(java.lang.String)
  location: variable spct of type com.smashvn.shop.entity.SanPhamChiTiet
[ERROR] /H:/SMASH_VN/SMASH-VN_Shop-ban-vot-cau-long/src/main/java/com/smashvn/shop/service/AdminBienTheService.java:[44,13] cannot find symbol
  symbol:   method setTrongLuong(java.lang.String)
  location: variable spct of type com.smashvn.shop.entity.SanPhamChiTiet
[ERROR] /H:/SMASH_VN/SMASH-VN_Shop-ban-vot-cau-long/src/main/java/com/smashvn/shop/service/AdminBienTheService.java:[45,13] cannot find symbol
  symbol:   method setMucCang(java.lang.String)
  location: variable spct of type com.smashvn.shop.entity.SanPhamChiTiet
[ERROR] /H:/SMASH_VN/SMASH-VN_Shop-ban-vot-cau-long/src/main/java/com/smashvn/shop/service/AdminBienTheService.java:[56,21] cannot find symbol
  symbol:   method setHinhAnhSanPham(java.lang.String)
  location: variable spct of type com.smashvn.shop.entity.SanPhamChiTiet
[ERROR] /H:/SMASH_VN/SMASH-VN_Shop-ban-vot-cau-long/src/main/java/com/smashvn/shop/service/AdminBienTheService.java:[59,17] cannot find symbol
  symbol:   method setHinhAnhSanPham(java.lang.String)
  location: variable spct of type com.smashvn.shop.entity.SanPhamChiTiet
[ERROR] /H:/SMASH_VN/SMASH-VN_Shop-ban-vot-cau-long/src/main/java/com/smashvn/shop/service/AdminBienTheService.java:[85,13] cannot find symbol
  symbol:   method setGiaBan(java.math.BigDecimal)
  location: variable spct of type com.smashvn.shop.entity.SanPhamChiTiet
[ERROR] /H:/SMASH_VN/SMASH-VN_Shop-ban-vot-cau-long/src/main/java/com/smashvn/shop/service/AdminBienTheService.java:[86,13] cannot find symbol
  symbol:   method setSoLuongTon(java.lang.Integer)
  location: variable spct of type com.smashvn.shop.entity.SanPhamChiTiet
[ERROR] /H:/SMASH_VN/SMASH-VN_Shop-ban-vot-cau-long/src/main/java/com/smashvn/shop/service/AdminBienTheService.java:[87,13] cannot find symbol
  symbol:   method setMauSac(java.lang.String)
  location: variable spct of type com.smashvn.shop.entity.SanPhamChiTiet
[ERROR] /H:/SMASH_VN/SMASH-VN_Shop-ban-vot-cau-long/src/main/java/com/smashvn/shop/service/AdminBienTheService.java:[88,13] cannot find symbol
  symbol:   method setTrongLuong(java.lang.String)
  location: variable spct of type com.smashvn.shop.entity.SanPhamChiTiet
[ERROR] /H:/SMASH_VN/SMASH-VN_Shop-ban-vot-cau-long/src/main/java/com/smashvn/shop/service/AdminBienTheService.java:[89,13] cannot find symbol
  symbol:   method setMucCang(java.lang.String)
  location: variable spct of type com.smashvn.shop.entity.SanPhamChiTiet
[ERROR] /H:/SMASH_VN/SMASH-VN_Shop-ban-vot-cau-long/src/main/java/com/smashvn/shop/service/AdminBienTheService.java:[100,21] cannot find symbol
  symbol:   method setHinhAnhSanPham(java.lang.String)
  location: variable spct of type com.smashvn.shop.entity.SanPhamChiTiet
[ERROR] /H:/SMASH_VN/SMASH-VN_Shop-ban-vot-cau-long/src/main/java/com/smashvn/shop/controller/AdminController.java:[43,82] cannot find symbol
  symbol:   method getLaNhanVien()
  location: variable tk of type com.smashvn.shop.entity.TaiKhoan
[ERROR] /H:/SMASH_VN/SMASH-VN_Shop-ban-vot-cau-long/src/main/java/com/smashvn/shop/controller/AdminController.java:[44,84] cannot find symbol
  symbol:   method getLaQuanLy()
  location: variable tk of type com.smashvn.shop.entity.TaiKhoan
[ERROR] /H:/SMASH_VN/SMASH-VN_Shop-ban-vot-cau-long/src/main/java/com/smashvn/shop/service/AdminKhuyenMaiService.java:[79,12] cannot find symbol
  symbol:   method setTenChienDich(java.lang.String)
  location: variable dgg of type com.smashvn.shop.entity.DotGiamGia
[ERROR] /H:/SMASH_VN/SMASH-VN_Shop-ban-vot-cau-long/src/main/java/com/smashvn/shop/service/AdminKhuyenMaiService.java:[80,12] cannot find symbol
  symbol:   method setNgayBatDau(java.time.LocalDateTime)
  location: variable dgg of type com.smashvn.shop.entity.DotGiamGia
[ERROR] /H:/SMASH_VN/SMASH-VN_Shop-ban-vot-cau-long/src/main/java/com/smashvn/shop/service/AdminKhuyenMaiService.java:[81,12] cannot find symbol
  symbol:   method setNgayKetThuc(java.time.LocalDateTime)
  location: variable dgg of type com.smashvn.shop.entity.DotGiamGia
[ERROR] /H:/SMASH_VN/SMASH-VN_Shop-ban-vot-cau-long/src/main/java/com/smashvn/shop/service/AdminKhuyenMaiService.java:[82,12] cannot find symbol
  symbol:   method setPhanTramGiam(java.lang.Integer)
  location: variable dgg of type com.smashvn.shop.entity.DotGiamGia
[ERROR] /H:/SMASH_VN/SMASH-VN_Shop-ban-vot-cau-long/src/main/java/com/smashvn/shop/service/AdminKhuyenMaiService.java:[83,12] cannot find symbol
  symbol:   method setLoaiGiamGia(java.lang.String)
  location: variable dgg of type com.smashvn.shop.entity.DotGiamGia
[ERROR] /H:/SMASH_VN/SMASH-VN_Shop-ban-vot-cau-long/src/main/java/com/smashvn/shop/service/AdminKhuyenMaiService.java:[84,12] cannot find symbol
  symbol:   method setNhanVien(com.smashvn.shop.entity.NhanVien)
  location: variable dgg of type com.smashvn.shop.entity.DotGiamGia
[ERROR] /H:/SMASH_VN/SMASH-VN_Shop-ban-vot-cau-long/src/main/java/com/smashvn/shop/service/AdminKhuyenMaiService.java:[85,12] cannot find symbol
  symbol:   method setActive(boolean)
  location: variable dgg of type com.smashvn.shop.entity.DotGiamGia
[ERROR] /H:/SMASH_VN/SMASH-VN_Shop-ban-vot-cau-long/src/main/java/com/smashvn/shop/service/AdminKhuyenMaiService.java:[89,12] cannot find symbol
  symbol:   method setSanPhams(java.util.Set<com.smashvn.shop.entity.SanPham>)
  location: variable dgg of type com.smashvn.shop.entity.DotGiamGia
[ERROR] /H:/SMASH_VN/SMASH-VN_Shop-ban-vot-cau-long/src/main/java/com/smashvn/shop/service/AdminKhuyenMaiService.java:[94,59] cannot find symbol
  symbol:   method getId()
  location: variable saved of type com.smashvn.shop.entity.DotGiamGia
[ERROR] /H:/SMASH_VN/SMASH-VN_Shop-ban-vot-cau-long/src/main/java/com/smashvn/shop/service/AdminKhuyenMaiService.java:[121,12] cannot find symbol
  symbol:   method setTenChienDich(java.lang.String)
  location: variable dgg of type com.smashvn.shop.entity.DotGiamGia
[ERROR] /H:/SMASH_VN/SMASH-VN_Shop-ban-vot-cau-long/src/main/java/com/smashvn/shop/service/AdminKhuyenMaiService.java:[122,12] cannot find symbol
  symbol:   method setNgayBatDau(java.time.LocalDateTime)
  location: variable dgg of type com.smashvn.shop.entity.DotGiamGia
[ERROR] /H:/SMASH_VN/SMASH-VN_Shop-ban-vot-cau-long/src/main/java/com/smashvn/shop/service/AdminKhuyenMaiService.java:[123,12] cannot find symbol
  symbol:   method setNgayKetThuc(java.time.LocalDateTime)
  location: variable dgg of type com.smashvn.shop.entity.DotGiamGia
[ERROR] /H:/SMASH_VN/SMASH-VN_Shop-ban-vot-cau-long/src/main/java/com/smashvn/shop/service/AdminKhuyenMaiService.java:[124,12] cannot find symbol
  symbol:   method setPhanTramGiam(java.lang.Integer)
  location: variable dgg of type com.smashvn.shop.entity.DotGiamGia
[ERROR] /H:/SMASH_VN/SMASH-VN_Shop-ban-vot-cau-long/src/main/java/com/smashvn/shop/service/AdminKhuyenMaiService.java:[125,12] cannot find symbol
  symbol:   method setLoaiGiamGia(java.lang.String)
  location: variable dgg of type com.smashvn.shop.entity.DotGiamGia
[ERROR] /H:/SMASH_VN/SMASH-VN_Shop-ban-vot-cau-long/src/main/java/com/smashvn/shop/service/AdminKhuyenMaiService.java:[129,12] cannot find symbol
  symbol:   method getSanPhams()
  location: variable dgg of type com.smashvn.shop.entity.DotGiamGia
[ERROR] /H:/SMASH_VN/SMASH-VN_Shop-ban-vot-cau-long/src/main/java/com/smashvn/shop/service/AdminKhuyenMaiService.java:[130,12] cannot find symbol
  symbol:   method getSanPhams()
  location: variable dgg of type com.smashvn.shop.entity.DotGiamGia
[ERROR] /H:/SMASH_VN/SMASH-VN_Shop-ban-vot-cau-long/src/main/java/com/smashvn/shop/service/AdminKhuyenMaiService.java:[135,61] cannot find symbol
  symbol:   method getId()
  location: variable updated of type com.smashvn.shop.entity.DotGiamGia
[ERROR] /H:/SMASH_VN/SMASH-VN_Shop-ban-vot-cau-long/src/main/java/com/smashvn/shop/service/AdminKhuyenMaiService.java:[146,12] cannot find symbol
  symbol:   method setActive(boolean)
  location: variable dgg of type com.smashvn.shop.entity.DotGiamGia
[ERROR] /H:/SMASH_VN/SMASH-VN_Shop-ban-vot-cau-long/src/main/java/com/smashvn/shop/service/AdminKhuyenMaiService.java:[150,100] cannot find symbol
  symbol:   method getTenChienDich()
  location: variable dgg of type com.smashvn.shop.entity.DotGiamGia
[ERROR] /H:/SMASH_VN/SMASH-VN_Shop-ban-vot-cau-long/src/main/java/com/smashvn/shop/service/AdminKhuyenMaiService.java:[158,12] cannot find symbol
  symbol:   method setActive(boolean)
  location: variable dgg of type com.smashvn.shop.entity.DotGiamGia
[ERROR] /H:/SMASH_VN/SMASH-VN_Shop-ban-vot-cau-long/src/main/java/com/smashvn/shop/service/AdminKhuyenMaiService.java:[162,98] cannot find symbol
  symbol:   method getTenChienDich()
  location: variable dgg of type com.smashvn.shop.entity.DotGiamGia
[ERROR] /H:/SMASH_VN/SMASH-VN_Shop-ban-vot-cau-long/src/main/java/com/smashvn/shop/service/AdminKhuyenMaiService.java:[184,54] cannot find symbol
  symbol:   method getId()
  location: variable campaign of type com.smashvn.shop.entity.DotGiamGia
[ERROR] /H:/SMASH_VN/SMASH-VN_Shop-ban-vot-cau-long/src/main/java/com/smashvn/shop/service/AdminKhuyenMaiService.java:[188,40] cannot find symbol
  symbol:   method getNgayBatDau()
  location: variable campaign of type com.smashvn.shop.entity.DotGiamGia
[ERROR] /H:/SMASH_VN/SMASH-VN_Shop-ban-vot-cau-long/src/main/java/com/smashvn/shop/service/AdminKhuyenMaiService.java:[188,82] cannot find symbol
  symbol:   method getNgayKetThuc()
  location: variable campaign of type com.smashvn.shop.entity.DotGiamGia
[ERROR] /H:/SMASH_VN/SMASH-VN_Shop-ban-vot-cau-long/src/main/java/com/smashvn/shop/service/AdminKhuyenMaiService.java:[191,43] cannot find symbol
  symbol:   method getSanPhams()
  location: variable campaign of type com.smashvn.shop.entity.DotGiamGia
[ERROR] /H:/SMASH_VN/SMASH-VN_Shop-ban-vot-cau-long/src/main/java/com/smashvn/shop/service/AdminKhuyenMaiService.java:[192,47] cannot find symbol
  symbol:   method getId()
  location: variable sp of type com.smashvn.shop.entity.SanPham
[ERROR] /H:/SMASH_VN/SMASH-VN_Shop-ban-vot-cau-long/src/main/java/com/smashvn/shop/service/AdminKhuyenMaiService.java:[193,54] cannot find symbol
  symbol:   method getTenSanPham()
  location: variable sp of type com.smashvn.shop.entity.SanPham
[ERROR] /H:/SMASH_VN/SMASH-VN_Shop-ban-vot-cau-long/src/main/java/com/smashvn/shop/service/AdminKhuyenMaiService.java:[201,33] cannot find symbol
  symbol:   method getTenChienDich()
  location: variable campaign of type com.smashvn.shop.entity.DotGiamGia
[ERROR] /H:/SMASH_VN/SMASH-VN_Shop-ban-vot-cau-long/src/main/java/com/smashvn/shop/service/AdminKhuyenMaiService.java:[202,33] cannot find symbol
  symbol:   method getNgayBatDau()
  location: variable campaign of type com.smashvn.shop.entity.DotGiamGia
[ERROR] /H:/SMASH_VN/SMASH-VN_Shop-ban-vot-cau-long/src/main/java/com/smashvn/shop/service/AdminKhuyenMaiService.java:[203,33] cannot find symbol
  symbol:   method getNgayKetThuc()
  location: variable campaign of type com.smashvn.shop.entity.DotGiamGia
[ERROR] /H:/SMASH_VN/SMASH-VN_Shop-ban-vot-cau-long/src/main/java/com/smashvn/shop/service/AdminKhuyenMaiService.java:[211,31] cannot find symbol
  symbol:   method getSanPhams()
  location: variable dgg of type com.smashvn.shop.entity.DotGiamGia
[ERROR] /H:/SMASH_VN/SMASH-VN_Shop-ban-vot-cau-long/src/main/java/com/smashvn/shop/service/AdminKhuyenMaiService.java:[211,59] cannot find symbol
  symbol:   method getSanPhams()
  location: variable dgg of type com.smashvn.shop.entity.DotGiamGia
[ERROR] /H:/SMASH_VN/SMASH-VN_Shop-ban-vot-cau-long/src/main/java/com/smashvn/shop/service/AdminKhuyenMaiService.java:[213,20] cannot find symbol
  symbol:   method getTenChienDich()
  location: variable dgg of type com.smashvn.shop.entity.DotGiamGia
[ERROR] /H:/SMASH_VN/SMASH-VN_Shop-ban-vot-cau-long/src/main/java/com/smashvn/shop/service/AdminKhuyenMaiService.java:[214,44] cannot find symbol
  symbol:   method getLoaiGiamGia()
  location: variable dgg of type com.smashvn.shop.entity.DotGiamGia
[ERROR] /H:/SMASH_VN/SMASH-VN_Shop-ban-vot-cau-long/src/main/java/com/smashvn/shop/service/AdminKhuyenMaiService.java:[215,20] cannot find symbol
  symbol:   method getPhanTramGiam()
  location: variable dgg of type com.smashvn.shop.entity.DotGiamGia
[ERROR] /H:/SMASH_VN/SMASH-VN_Shop-ban-vot-cau-long/src/main/java/com/smashvn/shop/service/AdminKhuyenMaiService.java:[216,20] cannot find symbol
  symbol:   method getNgayBatDau()
  location: variable dgg of type com.smashvn.shop.entity.DotGiamGia
[ERROR] /H:/SMASH_VN/SMASH-VN_Shop-ban-vot-cau-long/src/main/java/com/smashvn/shop/service/AdminKhuyenMaiService.java:[217,20] cannot find symbol
  symbol:   method getNgayKetThuc()
  location: variable dgg of type com.smashvn.shop.entity.DotGiamGia
[ERROR] /H:/SMASH_VN/SMASH-VN_Shop-ban-vot-cau-long/src/main/java/com/smashvn/shop/service/AdminKhuyenMaiService.java:[257,12] cannot find symbol
  symbol:   method setMaPhieu(java.lang.String)
  location: variable pgg of type com.smashvn.shop.entity.PhieuGiamGia
[INFO] 100 errors 
[INFO] -------------------------------------------------------------
[INFO] ------------------------------------------------------------------------
[INFO] BUILD FAILURE
[INFO] ------------------------------------------------------------------------
[INFO] Total time:  3.303 s
[INFO] Finished at: 2026-06-08T15:30:53+07:00
[INFO] ------------------------------------------------------------------------
[ERROR] Failed to execute goal org.apache.maven.plugins:maven-compiler-plugin:3.14.1:compile (default-compile) on project SMASH-VN: Compilation failure: Compilation failure: 
[ERROR] /H:/SMASH_VN/SMASH-VN_Shop-ban-vot-cau-long/src/main/java/com/smashvn/shop/service/OrderViewService.java:[455,19] method getStatusLabel(java.lang.String) is already defined in class com.smashvn.shop.service.OrderViewService
[ERROR] /H:/SMASH_VN/SMASH-VN_Shop-ban-vot-cau-long/src/main/java/com/smashvn/shop/service/UserDangNhapService.java:[25,54] cannot find symbol
[ERROR]   symbol:   method getMatKhau()
[ERROR]   location: variable taiKhoan of type com.smashvn.shop.entity.TaiKhoan
[ERROR] /H:/SMASH_VN/SMASH-VN_Shop-ban-vot-cau-long/src/main/java/com/smashvn/shop/service/UserDangNhapService.java:[38,41] cannot find symbol
[ERROR]   symbol:   method getTrangThai()
[ERROR]   location: variable taiKhoan of type com.smashvn.shop.entity.TaiKhoan
[ERROR] /H:/SMASH_VN/SMASH-VN_Shop-ban-vot-cau-long/src/main/java/com/smashvn/shop/service/UserDangNhapService.java:[38,88] cannot find symbol
[ERROR]   symbol:   method getTrangThai()
[ERROR]   location: variable taiKhoan of type com.smashvn.shop.entity.TaiKhoan
[ERROR] /H:/SMASH_VN/SMASH-VN_Shop-ban-vot-cau-long/src/main/java/com/smashvn/shop/service/UserDangNhapService.java:[47,45] cannot find symbol
[ERROR]   symbol:   method getTrangThai()
[ERROR]   location: variable taiKhoan of type com.smashvn.shop.entity.TaiKhoan
[ERROR] /H:/SMASH_VN/SMASH-VN_Shop-ban-vot-cau-long/src/main/java/com/smashvn/shop/service/UserDangNhapService.java:[57,15] cannot find symbol
[ERROR]   symbol:   method setEmail(java.lang.String)
[ERROR]   location: variable tk of type com.smashvn.shop.entity.TaiKhoan
[ERROR] /H:/SMASH_VN/SMASH-VN_Shop-ban-vot-cau-long/src/main/java/com/smashvn/shop/service/UserDangNhapService.java:[60,15] cannot find symbol
[ERROR]   symbol:   method setMatKhau(java.lang.String)
[ERROR]   location: variable tk of type com.smashvn.shop.entity.TaiKhoan
[ERROR] /H:/SMASH_VN/SMASH-VN_Shop-ban-vot-cau-long/src/main/java/com/smashvn/shop/service/UserDangNhapService.java:[61,15] cannot find symbol
[ERROR]   symbol:   method setVaiTro(java.lang.String)
[ERROR]   location: variable tk of type com.smashvn.shop.entity.TaiKhoan
[ERROR] /H:/SMASH_VN/SMASH-VN_Shop-ban-vot-cau-long/src/main/java/com/smashvn/shop/service/UserDangNhapService.java:[62,15] cannot find symbol
[ERROR]   symbol:   method setLaKhachHang(boolean)
[ERROR]   location: variable tk of type com.smashvn.shop.entity.TaiKhoan
[ERROR] /H:/SMASH_VN/SMASH-VN_Shop-ban-vot-cau-long/src/main/java/com/smashvn/shop/service/UserDangNhapService.java:[63,15] cannot find symbol
[ERROR]   symbol:   method setLaNhanVien(boolean)
[ERROR]   location: variable tk of type com.smashvn.shop.entity.TaiKhoan
[ERROR] /H:/SMASH_VN/SMASH-VN_Shop-ban-vot-cau-long/src/main/java/com/smashvn/shop/service/UserDangNhapService.java:[64,15] cannot find symbol
[ERROR]   symbol:   method setLaQuanLy(boolean)
[ERROR]   location: variable tk of type com.smashvn.shop.entity.TaiKhoan
[ERROR] /H:/SMASH_VN/SMASH-VN_Shop-ban-vot-cau-long/src/main/java/com/smashvn/shop/service/UserDangNhapService.java:[65,15] cannot find symbol
[ERROR]   symbol:   method setTrangThai(java.lang.String)
[ERROR]   location: variable tk of type com.smashvn.shop.entity.TaiKhoan
[ERROR] /H:/SMASH_VN/SMASH-VN_Shop-ban-vot-cau-long/src/main/java/com/smashvn/shop/service/UserDangNhapService.java:[70,15] cannot find symbol
[ERROR]   symbol:   method setTaiKhoan(com.smashvn.shop.entity.TaiKhoan)
[ERROR]   location: variable kh of type com.smashvn.shop.entity.KhachHang
[ERROR] /H:/SMASH_VN/SMASH-VN_Shop-ban-vot-cau-long/src/main/java/com/smashvn/shop/service/UserDangNhapService.java:[71,15] cannot find symbol
[ERROR]   symbol:   method setHoKh(java.lang.String)
[ERROR]   location: variable kh of type com.smashvn.shop.entity.KhachHang
[ERROR] /H:/SMASH_VN/SMASH-VN_Shop-ban-vot-cau-long/src/main/java/com/smashvn/shop/service/UserDangNhapService.java:[72,15] cannot find symbol
[ERROR]   symbol:   method setTenKh(name != nu[...]ogle")
[ERROR]   location: variable kh of type com.smashvn.shop.entity.KhachHang
[ERROR] /H:/SMASH_VN/SMASH-VN_Shop-ban-vot-cau-long/src/main/java/com/smashvn/shop/service/UserDangNhapService.java:[73,15] cannot find symbol
[ERROR]   symbol:   method setSoDienThoaiKh(java.lang.String)
[ERROR]   location: variable kh of type com.smashvn.shop.entity.KhachHang
[ERROR] /H:/SMASH_VN/SMASH-VN_Shop-ban-vot-cau-long/src/main/java/com/smashvn/shop/service/UserDangNhapService.java:[74,15] cannot find symbol
[ERROR]   symbol:   method setNhanBanTin(boolean)
[ERROR]   location: variable kh of type com.smashvn.shop.entity.KhachHang
[ERROR] /H:/SMASH_VN/SMASH-VN_Shop-ban-vot-cau-long/src/main/java/com/smashvn/shop/service/UserDangNhapService.java:[78,39] cannot find symbol
[ERROR]   symbol:   method getTrangThai()
[ERROR]   location: variable tk of type com.smashvn.shop.entity.TaiKhoan
[ERROR] /H:/SMASH_VN/SMASH-VN_Shop-ban-vot-cau-long/src/main/java/com/smashvn/shop/entity/SanPham.java:[53,39] cannot find symbol
[ERROR]   symbol:   method getSoLuongTon()
[ERROR]   location: variable spct of type com.smashvn.shop.entity.SanPhamChiTiet
[ERROR] /H:/SMASH_VN/SMASH-VN_Shop-ban-vot-cau-long/src/main/java/com/smashvn/shop/entity/SanPham.java:[53,70] cannot find symbol
[ERROR]   symbol:   method getSoLuongTon()
[ERROR]   location: variable spct of type com.smashvn.shop.entity.SanPhamChiTiet
[ERROR] /H:/SMASH_VN/SMASH-VN_Shop-ban-vot-cau-long/src/main/java/com/smashvn/shop/config/DatabaseSchemaRepairConfig.java:[19,13] cannot find symbol
[ERROR]   symbol:   variable log
[ERROR]   location: class com.smashvn.shop.config.DatabaseSchemaRepairConfig
[ERROR] /H:/SMASH_VN/SMASH-VN_Shop-ban-vot-cau-long/src/main/java/com/smashvn/shop/config/DatabaseSchemaRepairConfig.java:[23,17] cannot find symbol
[ERROR]   symbol:   variable log
[ERROR]   location: class com.smashvn.shop.config.DatabaseSchemaRepairConfig
[ERROR] /H:/SMASH_VN/SMASH-VN_Shop-ban-vot-cau-long/src/main/java/com/smashvn/shop/config/DatabaseSchemaRepairConfig.java:[26,17] cannot find symbol
[ERROR]   symbol:   variable log
[ERROR]   location: class com.smashvn.shop.config.DatabaseSchemaRepairConfig
[ERROR] /H:/SMASH_VN/SMASH-VN_Shop-ban-vot-cau-long/src/main/java/com/smashvn/shop/config/DatabaseSchemaRepairConfig.java:[32,17] cannot find symbol
[ERROR]   symbol:   variable log
[ERROR]   location: class com.smashvn.shop.config.DatabaseSchemaRepairConfig
[ERROR] /H:/SMASH_VN/SMASH-VN_Shop-ban-vot-cau-long/src/main/java/com/smashvn/shop/config/DatabaseSchemaRepairConfig.java:[77,17] cannot find symbol
[ERROR]   symbol:   variable log
[ERROR]   location: class com.smashvn.shop.config.DatabaseSchemaRepairConfig
[ERROR] /H:/SMASH_VN/SMASH-VN_Shop-ban-vot-cau-long/src/main/java/com/smashvn/shop/config/DatabaseSchemaRepairConfig.java:[79,17] cannot find symbol
[ERROR]   symbol:   variable log
[ERROR]   location: class com.smashvn.shop.config.DatabaseSchemaRepairConfig
[ERROR] /H:/SMASH_VN/SMASH-VN_Shop-ban-vot-cau-long/src/main/java/com/smashvn/shop/config/DatabaseSchemaRepairConfig.java:[113,17] cannot find symbol
[ERROR]   symbol:   variable log
[ERROR]   location: class com.smashvn.shop.config.DatabaseSchemaRepairConfig
[ERROR] /H:/SMASH_VN/SMASH-VN_Shop-ban-vot-cau-long/src/main/java/com/smashvn/shop/config/DatabaseSchemaRepairConfig.java:[115,17] cannot find symbol
[ERROR]   symbol:   variable log
[ERROR]   location: class com.smashvn.shop.config.DatabaseSchemaRepairConfig
[ERROR] /H:/SMASH_VN/SMASH-VN_Shop-ban-vot-cau-long/src/main/java/com/smashvn/shop/config/DatabaseSchemaRepairConfig.java:[120,17] cannot find symbol
[ERROR]   symbol:   variable log
[ERROR]   location: class com.smashvn.shop.config.DatabaseSchemaRepairConfig
[ERROR] /H:/SMASH_VN/SMASH-VN_Shop-ban-vot-cau-long/src/main/java/com/smashvn/shop/config/DatabaseSchemaRepairConfig.java:[122,17] cannot find symbol
[ERROR]   symbol:   variable log
[ERROR]   location: class com.smashvn.shop.config.DatabaseSchemaRepairConfig
[ERROR] /H:/SMASH_VN/SMASH-VN_Shop-ban-vot-cau-long/src/main/java/com/smashvn/shop/config/DatabaseSchemaRepairConfig.java:[124,17] cannot find symbol
[ERROR]   symbol:   variable log
[ERROR]   location: class com.smashvn.shop.config.DatabaseSchemaRepairConfig
[ERROR] /H:/SMASH_VN/SMASH-VN_Shop-ban-vot-cau-long/src/main/java/com/smashvn/shop/config/PlaintextPasswordMigrator.java:[29,9] cannot find symbol
[ERROR]   symbol:   variable log
[ERROR]   location: class com.smashvn.shop.config.PlaintextPasswordMigrator
[ERROR] /H:/SMASH_VN/SMASH-VN_Shop-ban-vot-cau-long/src/main/java/com/smashvn/shop/config/PlaintextPasswordMigrator.java:[33,31] cannot find symbol
[ERROR]   symbol:   method getMatKhau()
[ERROR]   location: variable tk of type com.smashvn.shop.entity.TaiKhoan
[ERROR] /H:/SMASH_VN/SMASH-VN_Shop-ban-vot-cau-long/src/main/java/com/smashvn/shop/config/PlaintextPasswordMigrator.java:[36,19] cannot find symbol
[ERROR]   symbol:   method setMatKhau(java.lang.String)
[ERROR]   location: variable tk of type com.smashvn.shop.entity.TaiKhoan
[ERROR] /H:/SMASH_VN/SMASH-VN_Shop-ban-vot-cau-long/src/main/java/com/smashvn/shop/config/PlaintextPasswordMigrator.java:[39,17] cannot find symbol
[ERROR]   symbol:   variable log
[ERROR]   location: class com.smashvn.shop.config.PlaintextPasswordMigrator
[ERROR] /H:/SMASH_VN/SMASH-VN_Shop-ban-vot-cau-long/src/main/java/com/smashvn/shop/config/PlaintextPasswordMigrator.java:[39,84] cannot find symbol
[ERROR]   symbol:   method getEmail()
[ERROR]   location: variable tk of type com.smashvn.shop.entity.TaiKhoan
[ERROR] /H:/SMASH_VN/SMASH-VN_Shop-ban-vot-cau-long/src/main/java/com/smashvn/shop/config/PlaintextPasswordMigrator.java:[43,9] cannot find symbol
[ERROR]   symbol:   variable log
[ERROR]   location: class com.smashvn.shop.config.PlaintextPasswordMigrator
[ERROR] /H:/SMASH_VN/SMASH-VN_Shop-ban-vot-cau-long/src/main/java/com/smashvn/shop/config/SecurityConfig.java:[65,25] cannot find symbol
[ERROR]   symbol:   variable log
[ERROR]   location: class com.smashvn.shop.config.SecurityConfig
[ERROR] /H:/SMASH_VN/SMASH-VN_Shop-ban-vot-cau-long/src/main/java/com/smashvn/shop/config/SecurityConfig.java:[67,25] cannot find symbol
[ERROR]   symbol:   variable log
[ERROR]   location: class com.smashvn.shop.config.SecurityConfig
[ERROR] /H:/SMASH_VN/SMASH-VN_Shop-ban-vot-cau-long/src/main/java/com/smashvn/shop/config/UploadPathVerifier.java:[21,9] cannot find symbol
[ERROR]   symbol:   variable log
[ERROR]   location: class com.smashvn.shop.config.UploadPathVerifier
[ERROR] /H:/SMASH_VN/SMASH-VN_Shop-ban-vot-cau-long/src/main/java/com/smashvn/shop/config/UploadPathVerifier.java:[24,13] cannot find symbol
[ERROR]   symbol:   variable log
[ERROR]   location: class com.smashvn.shop.config.UploadPathVerifier
[ERROR] /H:/SMASH_VN/SMASH-VN_Shop-ban-vot-cau-long/src/main/java/com/smashvn/shop/config/UploadPathVerifier.java:[29,9] cannot find symbol
[ERROR]   symbol:   variable log
[ERROR]   location: class com.smashvn.shop.config.UploadPathVerifier
[ERROR] /H:/SMASH_VN/SMASH-VN_Shop-ban-vot-cau-long/src/main/java/com/smashvn/shop/config/UploadPathVerifier.java:[34,17] cannot find symbol
[ERROR]   symbol:   variable log
[ERROR]   location: class com.smashvn.shop.config.UploadPathVerifier
[ERROR] /H:/SMASH_VN/SMASH-VN_Shop-ban-vot-cau-long/src/main/java/com/smashvn/shop/config/UploadPathVerifier.java:[37,17] cannot find symbol
[ERROR]   symbol:   variable log
[ERROR]   location: class com.smashvn.shop.config.UploadPathVerifier
[ERROR] /H:/SMASH_VN/SMASH-VN_Shop-ban-vot-cau-long/src/main/java/com/smashvn/shop/config/UploadPathVerifier.java:[44,13] cannot find symbol
[ERROR]   symbol:   variable log
[ERROR]   location: class com.smashvn.shop.config.UploadPathVerifier
[ERROR] /H:/SMASH_VN/SMASH-VN_Shop-ban-vot-cau-long/src/main/java/com/smashvn/shop/config/UploadPathVerifier.java:[48,9] cannot find symbol
[ERROR]   symbol:   variable log
[ERROR]   location: class com.smashvn.shop.config.UploadPathVerifier
[ERROR] /H:/SMASH_VN/SMASH-VN_Shop-ban-vot-cau-long/src/main/java/com/smashvn/shop/service/AdminBienTheService.java:[40,13] cannot find symbol
[ERROR]   symbol:   method setSanPham(com.smashvn.shop.entity.SanPham)
[ERROR]   location: variable spct of type com.smashvn.shop.entity.SanPhamChiTiet
[ERROR] /H:/SMASH_VN/SMASH-VN_Shop-ban-vot-cau-long/src/main/java/com/smashvn/shop/service/AdminBienTheService.java:[41,13] cannot find symbol
[ERROR]   symbol:   method setGiaBan(java.math.BigDecimal)
[ERROR]   location: variable spct of type com.smashvn.shop.entity.SanPhamChiTiet
[ERROR] /H:/SMASH_VN/SMASH-VN_Shop-ban-vot-cau-long/src/main/java/com/smashvn/shop/service/AdminBienTheService.java:[42,13] cannot find symbol
[ERROR]   symbol:   method setSoLuongTon(java.lang.Integer)
[ERROR]   location: variable spct of type com.smashvn.shop.entity.SanPhamChiTiet
[ERROR] /H:/SMASH_VN/SMASH-VN_Shop-ban-vot-cau-long/src/main/java/com/smashvn/shop/service/AdminBienTheService.java:[43,13] cannot find symbol
[ERROR]   symbol:   method setMauSac(java.lang.String)
[ERROR]   location: variable spct of type com.smashvn.shop.entity.SanPhamChiTiet
[ERROR] /H:/SMASH_VN/SMASH-VN_Shop-ban-vot-cau-long/src/main/java/com/smashvn/shop/service/AdminBienTheService.java:[44,13] cannot find symbol
[ERROR]   symbol:   method setTrongLuong(java.lang.String)
[ERROR]   location: variable spct of type com.smashvn.shop.entity.SanPhamChiTiet
[ERROR] /H:/SMASH_VN/SMASH-VN_Shop-ban-vot-cau-long/src/main/java/com/smashvn/shop/service/AdminBienTheService.java:[45,13] cannot find symbol
[ERROR]   symbol:   method setMucCang(java.lang.String)
[ERROR]   location: variable spct of type com.smashvn.shop.entity.SanPhamChiTiet
[ERROR] /H:/SMASH_VN/SMASH-VN_Shop-ban-vot-cau-long/src/main/java/com/smashvn/shop/service/AdminBienTheService.java:[56,21] cannot find symbol
[ERROR]   symbol:   method setHinhAnhSanPham(java.lang.String)
[ERROR]   location: variable spct of type com.smashvn.shop.entity.SanPhamChiTiet
[ERROR] /H:/SMASH_VN/SMASH-VN_Shop-ban-vot-cau-long/src/main/java/com/smashvn/shop/service/AdminBienTheService.java:[59,17] cannot find symbol
[ERROR]   symbol:   method setHinhAnhSanPham(java.lang.String)
[ERROR]   location: variable spct of type com.smashvn.shop.entity.SanPhamChiTiet
[ERROR] /H:/SMASH_VN/SMASH-VN_Shop-ban-vot-cau-long/src/main/java/com/smashvn/shop/service/AdminBienTheService.java:[85,13] cannot find symbol
[ERROR]   symbol:   method setGiaBan(java.math.BigDecimal)
[ERROR]   location: variable spct of type com.smashvn.shop.entity.SanPhamChiTiet
[ERROR] /H:/SMASH_VN/SMASH-VN_Shop-ban-vot-cau-long/src/main/java/com/smashvn/shop/service/AdminBienTheService.java:[86,13] cannot find symbol
[ERROR]   symbol:   method setSoLuongTon(java.lang.Integer)
[ERROR]   location: variable spct of type com.smashvn.shop.entity.SanPhamChiTiet
[ERROR] /H:/SMASH_VN/SMASH-VN_Shop-ban-vot-cau-long/src/main/java/com/smashvn/shop/service/AdminBienTheService.java:[87,13] cannot find symbol
[ERROR]   symbol:   method setMauSac(java.lang.String)
[ERROR]   location: variable spct of type com.smashvn.shop.entity.SanPhamChiTiet
[ERROR] /H:/SMASH_VN/SMASH-VN_Shop-ban-vot-cau-long/src/main/java/com/smashvn/shop/service/AdminBienTheService.java:[88,13] cannot find symbol
[ERROR]   symbol:   method setTrongLuong(java.lang.String)
[ERROR]   location: variable spct of type com.smashvn.shop.entity.SanPhamChiTiet
[ERROR] /H:/SMASH_VN/SMASH-VN_Shop-ban-vot-cau-long/src/main/java/com/smashvn/shop/service/AdminBienTheService.java:[89,13] cannot find symbol
[ERROR]   symbol:   method setMucCang(java.lang.String)
[ERROR]   location: variable spct of type com.smashvn.shop.entity.SanPhamChiTiet
[ERROR] /H:/SMASH_VN/SMASH-VN_Shop-ban-vot-cau-long/src/main/java/com/smashvn/shop/service/AdminBienTheService.java:[100,21] cannot find symbol
[ERROR]   symbol:   method setHinhAnhSanPham(java.lang.String)
[ERROR]   location: variable spct of type com.smashvn.shop.entity.SanPhamChiTiet
[ERROR] /H:/SMASH_VN/SMASH-VN_Shop-ban-vot-cau-long/src/main/java/com/smashvn/shop/controller/AdminController.java:[43,82] cannot find symbol
[ERROR]   symbol:   method getLaNhanVien()
[ERROR]   location: variable tk of type com.smashvn.shop.entity.TaiKhoan
[ERROR] /H:/SMASH_VN/SMASH-VN_Shop-ban-vot-cau-long/src/main/java/com/smashvn/shop/controller/AdminController.java:[44,84] cannot find symbol
[ERROR]   symbol:   method getLaQuanLy()
[ERROR]   location: variable tk of type com.smashvn.shop.entity.TaiKhoan
[ERROR] /H:/SMASH_VN/SMASH-VN_Shop-ban-vot-cau-long/src/main/java/com/smashvn/shop/service/AdminKhuyenMaiService.java:[79,12] cannot find symbol
[ERROR]   symbol:   method setTenChienDich(java.lang.String)
[ERROR]   location: variable dgg of type com.smashvn.shop.entity.DotGiamGia
[ERROR] /H:/SMASH_VN/SMASH-VN_Shop-ban-vot-cau-long/src/main/java/com/smashvn/shop/service/AdminKhuyenMaiService.java:[80,12] cannot find symbol
[ERROR]   symbol:   method setNgayBatDau(java.time.LocalDateTime)
[ERROR]   location: variable dgg of type com.smashvn.shop.entity.DotGiamGia
[ERROR] /H:/SMASH_VN/SMASH-VN_Shop-ban-vot-cau-long/src/main/java/com/smashvn/shop/service/AdminKhuyenMaiService.java:[81,12] cannot find symbol
[ERROR]   symbol:   method setNgayKetThuc(java.time.LocalDateTime)
[ERROR]   location: variable dgg of type com.smashvn.shop.entity.DotGiamGia
[ERROR] /H:/SMASH_VN/SMASH-VN_Shop-ban-vot-cau-long/src/main/java/com/smashvn/shop/service/AdminKhuyenMaiService.java:[82,12] cannot find symbol
[ERROR]   symbol:   method setPhanTramGiam(java.lang.Integer)
[ERROR]   location: variable dgg of type com.smashvn.shop.entity.DotGiamGia
[ERROR] /H:/SMASH_VN/SMASH-VN_Shop-ban-vot-cau-long/src/main/java/com/smashvn/shop/service/AdminKhuyenMaiService.java:[83,12] cannot find symbol
[ERROR]   symbol:   method setLoaiGiamGia(java.lang.String)
[ERROR]   location: variable dgg of type com.smashvn.shop.entity.DotGiamGia
[ERROR] /H:/SMASH_VN/SMASH-VN_Shop-ban-vot-cau-long/src/main/java/com/smashvn/shop/service/AdminKhuyenMaiService.java:[84,12] cannot find symbol
[ERROR]   symbol:   method setNhanVien(com.smashvn.shop.entity.NhanVien)
[ERROR]   location: variable dgg of type com.smashvn.shop.entity.DotGiamGia
[ERROR] /H:/SMASH_VN/SMASH-VN_Shop-ban-vot-cau-long/src/main/java/com/smashvn/shop/service/AdminKhuyenMaiService.java:[85,12] cannot find symbol
[ERROR]   symbol:   method setActive(boolean)
[ERROR]   location: variable dgg of type com.smashvn.shop.entity.DotGiamGia
[ERROR] /H:/SMASH_VN/SMASH-VN_Shop-ban-vot-cau-long/src/main/java/com/smashvn/shop/service/AdminKhuyenMaiService.java:[89,12] cannot find symbol
[ERROR]   symbol:   method setSanPhams(java.util.Set<com.smashvn.shop.entity.SanPham>)
[ERROR]   location: variable dgg of type com.smashvn.shop.entity.DotGiamGia
[ERROR] /H:/SMASH_VN/SMASH-VN_Shop-ban-vot-cau-long/src/main/java/com/smashvn/shop/service/AdminKhuyenMaiService.java:[94,59] cannot find symbol
[ERROR]   symbol:   method getId()
[ERROR]   location: variable saved of type com.smashvn.shop.entity.DotGiamGia
[ERROR] /H:/SMASH_VN/SMASH-VN_Shop-ban-vot-cau-long/src/main/java/com/smashvn/shop/service/AdminKhuyenMaiService.java:[121,12] cannot find symbol
[ERROR]   symbol:   method setTenChienDich(java.lang.String)
[ERROR]   location: variable dgg of type com.smashvn.shop.entity.DotGiamGia
[ERROR] /H:/SMASH_VN/SMASH-VN_Shop-ban-vot-cau-long/src/main/java/com/smashvn/shop/service/AdminKhuyenMaiService.java:[122,12] cannot find symbol
[ERROR]   symbol:   method setNgayBatDau(java.time.LocalDateTime)
[ERROR]   location: variable dgg of type com.smashvn.shop.entity.DotGiamGia
[ERROR] /H:/SMASH_VN/SMASH-VN_Shop-ban-vot-cau-long/src/main/java/com/smashvn/shop/service/AdminKhuyenMaiService.java:[123,12] cannot find symbol
[ERROR]   symbol:   method setNgayKetThuc(java.time.LocalDateTime)
[ERROR]   location: variable dgg of type com.smashvn.shop.entity.DotGiamGia
[ERROR] /H:/SMASH_VN/SMASH-VN_Shop-ban-vot-cau-long/src/main/java/com/smashvn/shop/service/AdminKhuyenMaiService.java:[124,12] cannot find symbol
[ERROR]   symbol:   method setPhanTramGiam(java.lang.Integer)
[ERROR]   location: variable dgg of type com.smashvn.shop.entity.DotGiamGia
[ERROR] /H:/SMASH_VN/SMASH-VN_Shop-ban-vot-cau-long/src/main/java/com/smashvn/shop/service/AdminKhuyenMaiService.java:[125,12] cannot find symbol
[ERROR]   symbol:   method setLoaiGiamGia(java.lang.String)
[ERROR]   location: variable dgg of type com.smashvn.shop.entity.DotGiamGia
[ERROR] /H:/SMASH_VN/SMASH-VN_Shop-ban-vot-cau-long/src/main/java/com/smashvn/shop/service/AdminKhuyenMaiService.java:[129,12] cannot find symbol
[ERROR]   symbol:   method getSanPhams()
[ERROR]   location: variable dgg of type com.smashvn.shop.entity.DotGiamGia
[ERROR] /H:/SMASH_VN/SMASH-VN_Shop-ban-vot-cau-long/src/main/java/com/smashvn/shop/service/AdminKhuyenMaiService.java:[130,12] cannot find symbol
[ERROR]   symbol:   method getSanPhams()
[ERROR]   location: variable dgg of type com.smashvn.shop.entity.DotGiamGia
[ERROR] /H:/SMASH_VN/SMASH-VN_Shop-ban-vot-cau-long/src/main/java/com/smashvn/shop/service/AdminKhuyenMaiService.java:[135,61] cannot find symbol
[ERROR]   symbol:   method getId()
[ERROR]   location: variable updated of type com.smashvn.shop.entity.DotGiamGia
[ERROR] /H:/SMASH_VN/SMASH-VN_Shop-ban-vot-cau-long/src/main/java/com/smashvn/shop/service/AdminKhuyenMaiService.java:[146,12] cannot find symbol
[ERROR]   symbol:   method setActive(boolean)
[ERROR]   location: variable dgg of type com.smashvn.shop.entity.DotGiamGia
[ERROR] /H:/SMASH_VN/SMASH-VN_Shop-ban-vot-cau-long/src/main/java/com/smashvn/shop/service/AdminKhuyenMaiService.java:[150,100] cannot find symbol
[ERROR]   symbol:   method getTenChienDich()
[ERROR]   location: variable dgg of type com.smashvn.shop.entity.DotGiamGia
[ERROR] /H:/SMASH_VN/SMASH-VN_Shop-ban-vot-cau-long/src/main/java/com/smashvn/shop/service/AdminKhuyenMaiService.java:[158,12] cannot find symbol
[ERROR]   symbol:   method setActive(boolean)
[ERROR]   location: variable dgg of type com.smashvn.shop.entity.DotGiamGia
[ERROR] /H:/SMASH_VN/SMASH-VN_Shop-ban-vot-cau-long/src/main/java/com/smashvn/shop/service/AdminKhuyenMaiService.java:[162,98] cannot find symbol
[ERROR]   symbol:   method getTenChienDich()
[ERROR]   location: variable dgg of type com.smashvn.shop.entity.DotGiamGia
[ERROR] /H:/SMASH_VN/SMASH-VN_Shop-ban-vot-cau-long/src/main/java/com/smashvn/shop/service/AdminKhuyenMaiService.java:[184,54] cannot find symbol
[ERROR]   symbol:   method getId()
[ERROR]   location: variable campaign of type com.smashvn.shop.entity.DotGiamGia
[ERROR] /H:/SMASH_VN/SMASH-VN_Shop-ban-vot-cau-long/src/main/java/com/smashvn/shop/service/AdminKhuyenMaiService.java:[188,40] cannot find symbol
[ERROR]   symbol:   method getNgayBatDau()
[ERROR]   location: variable campaign of type com.smashvn.shop.entity.DotGiamGia
[ERROR] /H:/SMASH_VN/SMASH-VN_Shop-ban-vot-cau-long/src/main/java/com/smashvn/shop/service/AdminKhuyenMaiService.java:[188,82] cannot find symbol
[ERROR]   symbol:   method getNgayKetThuc()
[ERROR]   location: variable campaign of type com.smashvn.shop.entity.DotGiamGia
[ERROR] /H:/SMASH_VN/SMASH-VN_Shop-ban-vot-cau-long/src/main/java/com/smashvn/shop/service/AdminKhuyenMaiService.java:[191,43] cannot find symbol
[ERROR]   symbol:   method getSanPhams()
[ERROR]   location: variable campaign of type com.smashvn.shop.entity.DotGiamGia
[ERROR] /H:/SMASH_VN/SMASH-VN_Shop-ban-vot-cau-long/src/main/java/com/smashvn/shop/service/AdminKhuyenMaiService.java:[192,47] cannot find symbol
[ERROR]   symbol:   method getId()
[ERROR]   location: variable sp of type com.smashvn.shop.entity.SanPham
[ERROR] /H:/SMASH_VN/SMASH-VN_Shop-ban-vot-cau-long/src/main/java/com/smashvn/shop/service/AdminKhuyenMaiService.java:[193,54] cannot find symbol
[ERROR]   symbol:   method getTenSanPham()
[ERROR]   location: variable sp of type com.smashvn.shop.entity.SanPham
[ERROR] /H:/SMASH_VN/SMASH-VN_Shop-ban-vot-cau-long/src/main/java/com/smashvn/shop/service/AdminKhuyenMaiService.java:[201,33] cannot find symbol
[ERROR]   symbol:   method getTenChienDich()
[ERROR]   location: variable campaign of type com.smashvn.shop.entity.DotGiamGia
[ERROR] /H:/SMASH_VN/SMASH-VN_Shop-ban-vot-cau-long/src/main/java/com/smashvn/shop/service/AdminKhuyenMaiService.java:[202,33] cannot find symbol
[ERROR]   symbol:   method getNgayBatDau()
[ERROR]   location: variable campaign of type com.smashvn.shop.entity.DotGiamGia
[ERROR] /H:/SMASH_VN/SMASH-VN_Shop-ban-vot-cau-long/src/main/java/com/smashvn/shop/service/AdminKhuyenMaiService.java:[203,33] cannot find symbol
[ERROR]   symbol:   method getNgayKetThuc()
[ERROR]   location: variable campaign of type com.smashvn.shop.entity.DotGiamGia
[ERROR] /H:/SMASH_VN/SMASH-VN_Shop-ban-vot-cau-long/src/main/java/com/smashvn/shop/service/AdminKhuyenMaiService.java:[211,31] cannot find symbol
[ERROR]   symbol:   method getSanPhams()
[ERROR]   location: variable dgg of type com.smashvn.shop.entity.DotGiamGia
[ERROR] /H:/SMASH_VN/SMASH-VN_Shop-ban-vot-cau-long/src/main/java/com/smashvn/shop/service/AdminKhuyenMaiService.java:[211,59] cannot find symbol
[ERROR]   symbol:   method getSanPhams()
[ERROR]   location: variable dgg of type com.smashvn.shop.entity.DotGiamGia
[ERROR] /H:/SMASH_VN/SMASH-VN_Shop-ban-vot-cau-long/src/main/java/com/smashvn/shop/service/AdminKhuyenMaiService.java:[213,20] cannot find symbol
[ERROR]   symbol:   method getTenChienDich()
[ERROR]   location: variable dgg of type com.smashvn.shop.entity.DotGiamGia
[ERROR] /H:/SMASH_VN/SMASH-VN_Shop-ban-vot-cau-long/src/main/java/com/smashvn/shop/service/AdminKhuyenMaiService.java:[214,44] cannot find symbol
[ERROR]   symbol:   method getLoaiGiamGia()
[ERROR]   location: variable dgg of type com.smashvn.shop.entity.DotGiamGia
[ERROR] /H:/SMASH_VN/SMASH-VN_Shop-ban-vot-cau-long/src/main/java/com/smashvn/shop/service/AdminKhuyenMaiService.java:[215,20] cannot find symbol
[ERROR]   symbol:   method getPhanTramGiam()
[ERROR]   location: variable dgg of type com.smashvn.shop.entity.DotGiamGia
[ERROR] /H:/SMASH_VN/SMASH-VN_Shop-ban-vot-cau-long/src/main/java/com/smashvn/shop/service/AdminKhuyenMaiService.java:[216,20] cannot find symbol
[ERROR]   symbol:   method getNgayBatDau()
[ERROR]   location: variable dgg of type com.smashvn.shop.entity.DotGiamGia
[ERROR] /H:/SMASH_VN/SMASH-VN_Shop-ban-vot-cau-long/src/main/java/com/smashvn/shop/service/AdminKhuyenMaiService.java:[217,20] cannot find symbol
[ERROR]   symbol:   method getNgayKetThuc()
[ERROR]   location: variable dgg of type com.smashvn.shop.entity.DotGiamGia
[ERROR] /H:/SMASH_VN/SMASH-VN_Shop-ban-vot-cau-long/src/main/java/com/smashvn/shop/service/AdminKhuyenMaiService.java:[257,12] cannot find symbol
[ERROR]   symbol:   method setMaPhieu(java.lang.String)
[ERROR]   location: variable pgg of type com.smashvn.shop.entity.PhieuGiamGia
[ERROR] -> [Help 1]
[ERROR] 
[ERROR] To see the full stack trace of the errors, re-run Maven with the -e switch.
[ERROR] Re-run Maven using the -X switch to enable full debug logging.
[ERROR] 
[ERROR] For more information about the errors and possible solutions, please read the following articles:
[ERROR] [Help 1] http://cwiki.apache.org/confluence/display/MAVEN/MojoFailureException
