[INFO] Scanning for projects...
[INFO] 
[INFO] ------------------------< com.smashvn:SMASH-VN >------------------------
[INFO] Building SMASH-VN 0.0.1-SNAPSHOT
[INFO]   from pom.xml
[INFO] --------------------------------[ jar ]---------------------------------
[INFO] 
[INFO] --- resources:3.3.1:resources (default-resources) @ SMASH-VN ---
[INFO] Copying 1 resource from src\main\resources to target\classes
[INFO] Copying 229 resources from src\main\resources to target\classes
[INFO] 
[INFO] --- compiler:3.14.1:compile (default-compile) @ SMASH-VN ---
[INFO] Nothing to compile - all classes are up to date.
[INFO] 
[INFO] --- resources:3.3.1:testResources (default-testResources) @ SMASH-VN ---
[INFO] skip non existing resourceDirectory H:\SMASH_VN\SMASH-VN_Shop-ban-vot-cau-long\src\test\resources
[INFO] 
[INFO] --- compiler:3.14.1:testCompile (default-testCompile) @ SMASH-VN ---
[INFO] Nothing to compile - all classes are up to date.
[INFO] 
[INFO] --- surefire:3.5.5:test (default-test) @ SMASH-VN ---
[INFO] Using auto detected provider org.apache.maven.surefire.junitplatform.JUnitPlatformProvider
[INFO] 
[INFO] -------------------------------------------------------
[INFO]  T E S T S
[INFO] -------------------------------------------------------
[INFO] Running com.smashvn.shop.controller.AdminControllerRenderTest
09:42:40.526 [main] INFO org.springframework.test.context.support.AnnotationConfigContextLoaderUtils -- Could not detect default configuration classes for test class [com.smashvn.shop.controller.AdminControllerRenderTest]: AdminControllerRenderTest does not declare any static, non-private, non-final, nested classes annotated with @Configuration.
09:42:40.695 [main] INFO org.springframework.boot.test.context.SpringBootTestContextBootstrapper -- Found @SpringBootConfiguration com.smashvn.shop.SmashVnApplication for test class com.smashvn.shop.controller.AdminControllerRenderTest
09:42:40.759 [main] INFO org.springframework.test.context.support.AnnotationConfigContextLoaderUtils -- Could not detect default configuration classes for test class [com.smashvn.shop.controller.AdminControllerRenderTest]: AdminControllerRenderTest does not declare any static, non-private, non-final, nested classes annotated with @Configuration.
09:42:40.762 [main] INFO org.springframework.boot.test.context.SpringBootTestContextBootstrapper -- Found @SpringBootConfiguration com.smashvn.shop.SmashVnApplication for test class com.smashvn.shop.controller.AdminControllerRenderTest
09:42:40.820 [main] INFO org.springframework.boot.devtools.restart.RestartApplicationListener -- Restart disabled due to context in which it is running

  .   ____          _            __ _ _
 /\\ / ___'_ __ _ _(_)_ __  __ _ \ \ \ \
( ( )\___ | '_ | '_| | '_ \/ _` | \ \ \ \
 \\/  ___)| |_)| | | | | || (_| |  ) ) ) )
  '  |____| .__|_| |_|_| |_\__, | / / / /
 =========|_|==============|___/=/_/_/_/

 :: Spring Boot ::                (v4.0.6)

2026-06-10T09:42:41.014+07:00  INFO 17528 --- [SMASH-VN] [           main] c.s.s.c.AdminControllerRenderTest        : Starting AdminControllerRenderTest using Java 25.0.1 with PID 17528 (started by VINH in H:\SMASH_VN\SMASH-VN_Shop-ban-vot-cau-long)
2026-06-10T09:42:41.016+07:00  INFO 17528 --- [SMASH-VN] [           main] c.s.s.c.AdminControllerRenderTest        : No active profile set, falling back to 1 default profile: "default"
2026-06-10T09:42:41.803+07:00  INFO 17528 --- [SMASH-VN] [           main] .s.d.r.c.RepositoryConfigurationDelegate : Bootstrapping Spring Data JPA repositories in DEFAULT mode.
2026-06-10T09:42:41.937+07:00  INFO 17528 --- [SMASH-VN] [           main] .s.d.r.c.RepositoryConfigurationDelegate : Finished Spring Data repository scanning in 127 ms. Found 38 JPA repository interfaces.
2026-06-10T09:42:42.846+07:00  INFO 17528 --- [SMASH-VN] [           main] c.s.s.config.DatabaseSchemaRepairConfig  : [STARTUP_DB_REPAIR] Starting Flyway migration strategy...
2026-06-10T09:42:42.846+07:00  INFO 17528 --- [SMASH-VN] [           main] c.s.s.config.DatabaseSchemaRepairConfig  : [STARTUP_DB_REPAIR] Repairing Flyway schema history...
2026-06-10T09:42:42.857+07:00  INFO 17528 --- [SMASH-VN] [           main] com.zaxxer.hikari.HikariDataSource       : HikariPool-1 - Starting...
2026-06-10T09:42:43.154+07:00  INFO 17528 --- [SMASH-VN] [           main] com.zaxxer.hikari.pool.HikariPool        : HikariPool-1 - Added connection ConnectionID:1 ClientConnectionId: a89835bf-3cf0-46a3-aded-1d817608ed3b
2026-06-10T09:42:43.156+07:00  INFO 17528 --- [SMASH-VN] [           main] com.zaxxer.hikari.HikariDataSource       : HikariPool-1 - Start completed.
2026-06-10T09:42:43.334+07:00  INFO 17528 --- [SMASH-VN] [           main] org.flywaydb.core.FlywayExecutor         : Database: jdbc:sqlserver://localhost:1433;concatNullYieldsNull=ON;quotedIdentifier=ON;connectRetryInterval=10;connectRetryCount=1;maxResultBuffer=-1;sendTemporalDataTypesAsStringForBulkCopy=true;delayLoadingLobs=true;useFmtOnly=false;vectorTypeSupport=v1;cacheBulkCopyMetadata=false;bulkCopyForBatchInsertAllowEncryptedValueModifications=false;bulkCopyForBatchInsertTableLock=false;bulkCopyForBatchInsertKeepNulls=false;bulkCopyForBatchInsertKeepIdentity=false;bulkCopyForBatchInsertFireTriggers=false;bulkCopyForBatchInsertCheckConstraints=false;bulkCopyForBatchInsertBatchSize=0;useBulkCopyForBatchInsert=false;cancelQueryTimeout=-1;sslProtocol=TLS;calcBigDecimalPrecision=false;useDefaultJaasConfig=false;jaasConfigurationName=SQLJDBCDriver;statementPoolingCacheSize=0;serverPreparedStatementDiscardThreshold=10;enablePrepareOnFirstPreparedStatementCall=false;fips=false;socketTimeout=0;authentication=NotSpecified;authenticationScheme=nativeAuthentication;xopenStates=false;datetimeParameterType=datetime2;sendTimeAsDatetime=true;replication=false;trustStoreType=JKS;trustServerCertificate=true;TransparentNetworkIPResolution=true;iPAddressPreference=IPv4First;serverNameAsACE=false;sendStringParametersAsUnicode=true;selectMethod=direct;responseBuffering=adaptive;queryTimeout=-1;packetSize=8000;multiSubnetFailover=false;loginTimeout=30;lockTimeout=-1;lastUpdateCount=true;useDefaultGSSCredential=false;prepareMethod=prepexec;encrypt=true;disableStatementPooling=true;databaseName=BadmintonShopDB1;columnEncryptionSetting=Disabled;applicationName=Microsoft JDBC Driver for SQL Server;applicationIntent=readwrite; (Microsoft SQL Server 16.0)
2026-06-10T09:42:43.459+07:00  INFO 17528 --- [SMASH-VN] [           main] o.f.c.i.s.JdbcTableSchemaHistory         : Repair of failed migration in Schema History table [BadmintonShopDB1].[dbo].[flyway_schema_history] not necessary. No failed migration detected.
2026-06-10T09:42:43.486+07:00  INFO 17528 --- [SMASH-VN] [           main] o.f.core.internal.command.DbRepair       : Successfully repaired schema history table [BadmintonShopDB1].[dbo].[flyway_schema_history] (execution time 00:00.072s).
2026-06-10T09:42:43.497+07:00  INFO 17528 --- [SMASH-VN] [           main] c.s.s.config.DatabaseSchemaRepairConfig  : [STARTUP_DB_REPAIR] Checking TaiKhoan table schema...
2026-06-10T09:42:43.552+07:00  INFO 17528 --- [SMASH-VN] [           main] c.s.s.config.DatabaseSchemaRepairConfig  : [STARTUP_DB_REPAIR] TaiKhoan table schema checks completed.
2026-06-10T09:42:43.553+07:00  INFO 17528 --- [SMASH-VN] [           main] c.s.s.config.DatabaseSchemaRepairConfig  : [STARTUP_DB_REPAIR] Checking HoaDon table schema...
2026-06-10T09:42:43.595+07:00  INFO 17528 --- [SMASH-VN] [           main] c.s.s.config.DatabaseSchemaRepairConfig  : [STARTUP_DB_REPAIR] HoaDon table schema checks completed.
2026-06-10T09:42:43.596+07:00  INFO 17528 --- [SMASH-VN] [           main] c.s.s.config.DatabaseSchemaRepairConfig  : [STARTUP_DB_REPAIR] Migrating Flyway migrations...
2026-06-10T09:42:43.639+07:00  INFO 17528 --- [SMASH-VN] [           main] o.f.core.internal.command.DbValidate     : Successfully validated 17 migrations (execution time 00:00.018s)
2026-06-10T09:42:43.660+07:00  INFO 17528 --- [SMASH-VN] [           main] o.f.core.internal.command.DbMigrate      : Current version of schema [dbo]: 1.16
2026-06-10T09:42:43.668+07:00  INFO 17528 --- [SMASH-VN] [           main] o.f.core.internal.command.DbMigrate      : Schema [dbo] is up to date. No migration necessary.
2026-06-10T09:42:43.673+07:00  INFO 17528 --- [SMASH-VN] [           main] c.s.s.config.DatabaseSchemaRepairConfig  : [STARTUP_DB_REPAIR] Flyway migrations completed successfully.
2026-06-10T09:42:43.795+07:00  INFO 17528 --- [SMASH-VN] [           main] org.hibernate.orm.jpa                    : HHH008540: Processing PersistenceUnitInfo [name: default]
2026-06-10T09:42:43.887+07:00  INFO 17528 --- [SMASH-VN] [           main] org.hibernate.orm.core                   : HHH000001: Hibernate ORM core version 7.2.12.Final
2026-06-10T09:42:44.471+07:00  INFO 17528 --- [SMASH-VN] [           main] o.s.o.j.p.SpringPersistenceUnitInfo      : No LoadTimeWeaver setup: ignoring JPA class transformer
2026-06-10T09:42:44.545+07:00  WARN 17528 --- [SMASH-VN] [           main] org.hibernate.orm.deprecation            : HHH90000025: SQLServerDialect does not need to be specified explicitly using 'hibernate.dialect' (remove the property setting and it will be selected by default)
2026-06-10T09:42:44.560+07:00  INFO 17528 --- [SMASH-VN] [           main] org.hibernate.orm.connections.pooling    : HHH10001005: Database info:
	Database JDBC URL [jdbc:sqlserver://localhost:1433;concatNullYieldsNull=ON;quotedIdentifier=ON;connectRetryInterval=10;connectRetryCount=1;maxResultBuffer=-1;sendTemporalDataTypesAsStringForBulkCopy=true;delayLoadingLobs=true;useFmtOnly=false;vectorTypeSupport=v1;cacheBulkCopyMetadata=false;bulkCopyForBatchInsertAllowEncryptedValueModifications=false;bulkCopyForBatchInsertTableLock=false;bulkCopyForBatchInsertKeepNulls=false;bulkCopyForBatchInsertKeepIdentity=false;bulkCopyForBatchInsertFireTriggers=false;bulkCopyForBatchInsertCheckConstraints=false;bulkCopyForBatchInsertBatchSize=0;useBulkCopyForBatchInsert=false;cancelQueryTimeout=-1;sslProtocol=TLS;calcBigDecimalPrecision=false;useDefaultJaasConfig=false;jaasConfigurationName=SQLJDBCDriver;statementPoolingCacheSize=0;serverPreparedStatementDiscardThreshold=10;enablePrepareOnFirstPreparedStatementCall=false;fips=false;socketTimeout=0;authentication=NotSpecified;authenticationScheme=nativeAuthentication;xopenStates=false;datetimeParameterType=datetime2;sendTimeAsDatetime=true;replication=false;trustStoreType=JKS;trustServerCertificate=true;TransparentNetworkIPResolution=true;iPAddressPreference=IPv4First;serverNameAsACE=false;sendStringParametersAsUnicode=true;selectMethod=direct;responseBuffering=adaptive;queryTimeout=-1;packetSize=8000;multiSubnetFailover=false;loginTimeout=30;lockTimeout=-1;lastUpdateCount=true;useDefaultGSSCredential=false;prepareMethod=prepexec;encrypt=true;disableStatementPooling=true;databaseName=BadmintonShopDB1;columnEncryptionSetting=Disabled;applicationName=Microsoft JDBC Driver for SQL Server;applicationIntent=readwrite;]
	Database driver: Microsoft JDBC Driver 13.2 for SQL Server
	Database dialect: SQLServerDialect
	Database version: 16.0
	Default catalog/schema: BadmintonShopDB1/dbo
	Autocommit mode: undefined/unknown
	Isolation level: READ_COMMITTED [default READ_COMMITTED]
	JDBC fetch size: 128
	Pool: DataSourceConnectionProvider
	Minimum pool size: undefined/unknown
	Maximum pool size: undefined/unknown
2026-06-10T09:42:45.932+07:00  INFO 17528 --- [SMASH-VN] [           main] org.hibernate.orm.core                   : HHH000489: No JTA platform available (set 'hibernate.transaction.jta.platform' to enable JTA platform integration)
2026-06-10T09:42:46.379+07:00  INFO 17528 --- [SMASH-VN] [           main] j.LocalContainerEntityManagerFactoryBean : Initialized JPA EntityManagerFactory for persistence unit 'default'
2026-06-10T09:42:46.457+07:00  INFO 17528 --- [SMASH-VN] [           main] o.s.d.j.r.query.QueryEnhancerFactories   : Hibernate is in classpath; If applicable, HQL parser will be used.
2026-06-10T09:42:47.560+07:00  INFO 17528 --- [SMASH-VN] [           main] c.s.shop.config.UploadPathVerifier       : B?t ??u ki?m tra c?u hình th? m?c t?i lên: uploads/
2026-06-10T09:42:47.561+07:00  INFO 17528 --- [SMASH-VN] [           main] c.s.shop.config.UploadPathVerifier       : ???ng d?n tuy?t ??i sau khi phân gi?i: H:\SMASH_VN\SMASH-VN_Shop-ban-vot-cau-long\uploads
2026-06-10T09:42:47.564+07:00  INFO 17528 --- [SMASH-VN] [           main] c.s.shop.config.UploadPathVerifier       : Xác minh c?u hình th? m?c t?i lên THÀNH CÔNG: H:\SMASH_VN\SMASH-VN_Shop-ban-vot-cau-long\uploads
Hibernate: select count_big(*) from Blog b1_0
2026-06-10T09:42:49.420+07:00  WARN 17528 --- [SMASH-VN] [           main] JpaBaseConfiguration$JpaWebConfiguration : spring.jpa.open-in-view is enabled by default. Therefore, database queries may be performed during view rendering. Explicitly configure spring.jpa.open-in-view to disable this warning
2026-06-10T09:42:49.787+07:00  INFO 17528 --- [SMASH-VN] [           main] o.s.b.w.a.WelcomePageHandlerMapping      : Adding welcome page template: index
2026-06-10T09:42:50.242+07:00  INFO 17528 --- [SMASH-VN] [           main] c.s.s.c.AdminControllerRenderTest        : Started AdminControllerRenderTest in 9.432 seconds (process running for 10.37)
Hibernate: select hd1_0.id,hd1_0.app_trans_id,hd1_0.dia_chi_nhan,hd1_0.id_don_vi_van_chuyen,hd1_0.gateway_response,hd1_0.ghi_chu,hd1_0.ghn_order_code,hd1_0.ghn_status,hd1_0.ghn_to_district_id,hd1_0.ghn_to_ward_code,hd1_0.id_khach_hang,hd1_0.ma_don_hang,hd1_0.ma_giao_dich,hd1_0.ngay_tao,hd1_0.nguoi_xac_nhan_thanh_toan,hd1_0.id_nhan_vien,hd1_0.paid_at,hd1_0.payment_method,hd1_0.payment_status,hd1_0.phi_van_chuyen,hd1_0.id_phieu_giam_gia,hd1_0.id_phuong_thuc_thanh_toan,hd1_0.sdt_nhan,hd1_0.thoi_gian_xac_nhan,hd1_0.tong_tien,hd1_0.trang_thai_don_hang,hd1_0.trang_thai_thanh_toan,hd1_0.transaction_id from HoaDon hd1_0 where hd1_0.payment_method='ZaloPay' and hd1_0.payment_status='PENDING' and hd1_0.ngay_tao<?
2026-06-10T09:42:50.540+07:00  INFO 17528 --- [SMASH-VN] [           main] o.s.b.t.m.w.SpringBootMockServletContext : Initializing Spring TestDispatcherServlet ''
2026-06-10T09:42:50.540+07:00  INFO 17528 --- [SMASH-VN] [           main] o.s.t.web.servlet.TestDispatcherServlet  : Initializing Servlet ''
2026-06-10T09:42:50.541+07:00  INFO 17528 --- [SMASH-VN] [           main] o.s.t.web.servlet.TestDispatcherServlet  : Completed initialization in 1 ms
Hibernate: select hd1_0.id,hd1_0.app_trans_id,hd1_0.dia_chi_nhan,hd1_0.id_don_vi_van_chuyen,hd1_0.gateway_response,hd1_0.ghi_chu,hd1_0.ghn_order_code,hd1_0.ghn_status,hd1_0.ghn_to_district_id,hd1_0.ghn_to_ward_code,hd1_0.id_khach_hang,hd1_0.ma_don_hang,hd1_0.ma_giao_dich,hd1_0.ngay_tao,hd1_0.nguoi_xac_nhan_thanh_toan,hd1_0.id_nhan_vien,hd1_0.paid_at,hd1_0.payment_method,hd1_0.payment_status,hd1_0.phi_van_chuyen,hd1_0.id_phieu_giam_gia,hd1_0.id_phuong_thuc_thanh_toan,hd1_0.sdt_nhan,hd1_0.thoi_gian_xac_nhan,hd1_0.tong_tien,hd1_0.trang_thai_don_hang,hd1_0.trang_thai_thanh_toan,hd1_0.transaction_id from HoaDon hd1_0 order by hd1_0.id desc
Hibernate: select dvvc1_0.id,dvvc1_0.client_id,dvvc1_0.dia_chi_kho,dvvc1_0.hotline,dvvc1_0.phi_local,dvvc1_0.phi_nationwide,dvvc1_0.ten_don_vi,dvvc1_0.token,dvvc1_0.version,dvvc1_0.website from DonViVanChuyen dvvc1_0 where dvvc1_0.id=?
Hibernate: select kh1_0.id,kh1_0.ho_kh,kh1_0.la_tai_khoan_noi_bo,kh1_0.nhan_ban_tin,kh1_0.so_dien_thoai_kh,kh1_0.id_tai_khoan,tk1_0.id,tk1_0.email,tk1_0.la_khach_hang,tk1_0.la_nhan_vien,tk1_0.la_quan_ly,tk1_0.mat_khau,tk1_0.token_xac_thuc_khoa,tk1_0.trang_thai,tk1_0.vai_tro,kh1_0.ten_kh from KhachHang kh1_0 join TaiKhoan tk1_0 on tk1_0.id=kh1_0.id_tai_khoan where kh1_0.id=?
Hibernate: select pttt1_0.id,pttt1_0.ten_phuong_thuc from PhuongThucThanhToan pttt1_0 where pttt1_0.id=?
Hibernate: select kh1_0.id,kh1_0.ho_kh,kh1_0.la_tai_khoan_noi_bo,kh1_0.nhan_ban_tin,kh1_0.so_dien_thoai_kh,kh1_0.id_tai_khoan,tk1_0.id,tk1_0.email,tk1_0.la_khach_hang,tk1_0.la_nhan_vien,tk1_0.la_quan_ly,tk1_0.mat_khau,tk1_0.token_xac_thuc_khoa,tk1_0.trang_thai,tk1_0.vai_tro,kh1_0.ten_kh from KhachHang kh1_0 join TaiKhoan tk1_0 on tk1_0.id=kh1_0.id_tai_khoan where kh1_0.id=?
Hibernate: select nv1_0.id,nv1_0.chuc_vu,nv1_0.ho_ten_nv,nv1_0.so_dien_thoai_nv,nv1_0.id_tai_khoan,tk1_0.id,tk1_0.email,tk1_0.la_khach_hang,tk1_0.la_nhan_vien,tk1_0.la_quan_ly,tk1_0.mat_khau,tk1_0.token_xac_thuc_khoa,tk1_0.trang_thai,tk1_0.vai_tro from NhanVien nv1_0 join TaiKhoan tk1_0 on tk1_0.id=nv1_0.id_tai_khoan where nv1_0.id=?
Hibernate: select pttt1_0.id,pttt1_0.ten_phuong_thuc from PhuongThucThanhToan pttt1_0 where pttt1_0.id=?
Hibernate: select dvvc1_0.id,dvvc1_0.client_id,dvvc1_0.dia_chi_kho,dvvc1_0.hotline,dvvc1_0.phi_local,dvvc1_0.phi_nationwide,dvvc1_0.ten_don_vi,dvvc1_0.token,dvvc1_0.version,dvvc1_0.website from DonViVanChuyen dvvc1_0 where dvvc1_0.id=?
Hibernate: select pttt1_0.id,pttt1_0.ten_phuong_thuc from PhuongThucThanhToan pttt1_0 where pttt1_0.id=?
Hibernate: select kh1_0.id,kh1_0.ho_kh,kh1_0.la_tai_khoan_noi_bo,kh1_0.nhan_ban_tin,kh1_0.so_dien_thoai_kh,kh1_0.id_tai_khoan,tk1_0.id,tk1_0.email,tk1_0.la_khach_hang,tk1_0.la_nhan_vien,tk1_0.la_quan_ly,tk1_0.mat_khau,tk1_0.token_xac_thuc_khoa,tk1_0.trang_thai,tk1_0.vai_tro,kh1_0.ten_kh from KhachHang kh1_0 join TaiKhoan tk1_0 on tk1_0.id=kh1_0.id_tai_khoan where kh1_0.id=?
Hibernate: select kh1_0.id,kh1_0.ho_kh,kh1_0.la_tai_khoan_noi_bo,kh1_0.nhan_ban_tin,kh1_0.so_dien_thoai_kh,kh1_0.id_tai_khoan,tk1_0.id,tk1_0.email,tk1_0.la_khach_hang,tk1_0.la_nhan_vien,tk1_0.la_quan_ly,tk1_0.mat_khau,tk1_0.token_xac_thuc_khoa,tk1_0.trang_thai,tk1_0.vai_tro,kh1_0.ten_kh from KhachHang kh1_0 join TaiKhoan tk1_0 on tk1_0.id=kh1_0.id_tai_khoan where kh1_0.id=?
Hibernate: select pttt1_0.id,pttt1_0.ten_phuong_thuc from PhuongThucThanhToan pttt1_0 where pttt1_0.id=?
Hibernate: select pt1_0.id,pt1_0.amount,pt1_0.created_at,pt1_0.gateway,pt1_0.order_id,pt1_0.raw_payload,pt1_0.status,pt1_0.transaction_id from PaymentTransaction pt1_0 left join HoaDon o1_0 on o1_0.id=pt1_0.order_id where (? is null or o1_0.ma_don_hang like ?) and (? is null or pt1_0.transaction_id like ?) and (? is null or pt1_0.status=?) and (? is null or pt1_0.created_at>=?) and (? is null or pt1_0.created_at<=?) order by pt1_0.created_at desc
2026-06-10T09:42:50.976+07:00 ERROR 17528 --- [SMASH-VN] [           main] org.thymeleaf.TemplateEngine             : [THYMELEAF][main] Exception processing template "admin/donhang-list": Instantiation of new objects and access to static classes or parameters is forbidden in this context (template: "admin/donhang-list" - line 127, col 59)

org.thymeleaf.exceptions.TemplateProcessingException: Instantiation of new objects and access to static classes or parameters is forbidden in this context (template: "admin/donhang-list" - line 127, col 59)
	at org.thymeleaf.spring6.expression.SPELVariableExpressionEvaluator.obtainComputedSpelExpression(SPELVariableExpressionEvaluator.java:319) ~[thymeleaf-spring6-3.1.5.RELEASE.jar:3.1.5.RELEASE]
	at org.thymeleaf.spring6.expression.SPELVariableExpressionEvaluator.evaluate(SPELVariableExpressionEvaluator.java:159) ~[thymeleaf-spring6-3.1.5.RELEASE.jar:3.1.5.RELEASE]
	at org.thymeleaf.standard.expression.VariableExpression.executeVariableExpression(VariableExpression.java:166) ~[thymeleaf-3.1.5.RELEASE.jar:3.1.5.RELEASE]
	at org.thymeleaf.standard.expression.SimpleExpression.executeSimple(SimpleExpression.java:66) ~[thymeleaf-3.1.5.RELEASE.jar:3.1.5.RELEASE]
	at org.thymeleaf.standard.expression.Expression.execute(Expression.java:109) ~[thymeleaf-3.1.5.RELEASE.jar:3.1.5.RELEASE]
	at org.thymeleaf.standard.expression.Expression.execute(Expression.java:138) ~[thymeleaf-3.1.5.RELEASE.jar:3.1.5.RELEASE]
	at org.thymeleaf.standard.processor.StandardDefaultAttributesTagProcessor.processDefaultAttribute(StandardDefaultAttributesTagProcessor.java:165) ~[thymeleaf-3.1.5.RELEASE.jar:3.1.5.RELEASE]
	at org.thymeleaf.standard.processor.StandardDefaultAttributesTagProcessor.process(StandardDefaultAttributesTagProcessor.java:98) ~[thymeleaf-3.1.5.RELEASE.jar:3.1.5.RELEASE]
	at org.thymeleaf.util.ProcessorConfigurationUtils$ElementTagProcessorWrapper.process(ProcessorConfigurationUtils.java:633) ~[thymeleaf-3.1.5.RELEASE.jar:3.1.5.RELEASE]
	at org.thymeleaf.engine.ProcessorTemplateHandler.handleOpenElement(ProcessorTemplateHandler.java:1314) ~[thymeleaf-3.1.5.RELEASE.jar:3.1.5.RELEASE]
	at org.thymeleaf.engine.OpenElementTag.beHandled(OpenElementTag.java:205) ~[thymeleaf-3.1.5.RELEASE.jar:3.1.5.RELEASE]
	at org.thymeleaf.engine.Model.process(Model.java:282) ~[thymeleaf-3.1.5.RELEASE.jar:3.1.5.RELEASE]
	at org.thymeleaf.engine.Model.process(Model.java:290) ~[thymeleaf-3.1.5.RELEASE.jar:3.1.5.RELEASE]
	at org.thymeleaf.engine.IteratedGatheringModelProcessable.processIterationModel(IteratedGatheringModelProcessable.java:368) ~[thymeleaf-3.1.5.RELEASE.jar:3.1.5.RELEASE]
	at org.thymeleaf.engine.IteratedGatheringModelProcessable.process(IteratedGatheringModelProcessable.java:222) ~[thymeleaf-3.1.5.RELEASE.jar:3.1.5.RELEASE]
	at org.thymeleaf.engine.ProcessorTemplateHandler.handleCloseElement(ProcessorTemplateHandler.java:1640) ~[thymeleaf-3.1.5.RELEASE.jar:3.1.5.RELEASE]
	at org.thymeleaf.engine.CloseElementTag.beHandled(CloseElementTag.java:139) ~[thymeleaf-3.1.5.RELEASE.jar:3.1.5.RELEASE]
	at org.thymeleaf.engine.TemplateModel.process(TemplateModel.java:136) ~[thymeleaf-3.1.5.RELEASE.jar:3.1.5.RELEASE]
	at org.thymeleaf.engine.TemplateManager.parseAndProcess(TemplateManager.java:661) ~[thymeleaf-3.1.5.RELEASE.jar:3.1.5.RELEASE]
	at org.thymeleaf.TemplateEngine.process(TemplateEngine.java:1103) ~[thymeleaf-3.1.5.RELEASE.jar:3.1.5.RELEASE]
	at org.thymeleaf.TemplateEngine.process(TemplateEngine.java:1077) ~[thymeleaf-3.1.5.RELEASE.jar:3.1.5.RELEASE]
	at org.thymeleaf.spring6.view.ThymeleafView.renderFragment(ThymeleafView.java:374) ~[thymeleaf-spring6-3.1.5.RELEASE.jar:3.1.5.RELEASE]
	at org.thymeleaf.spring6.view.ThymeleafView.render(ThymeleafView.java:193) ~[thymeleaf-spring6-3.1.5.RELEASE.jar:3.1.5.RELEASE]
	at org.springframework.web.servlet.DispatcherServlet.render(DispatcherServlet.java:1305) ~[spring-webmvc-7.0.7.jar:7.0.7]
	at org.springframework.test.web.servlet.TestDispatcherServlet.render(TestDispatcherServlet.java:137) ~[spring-test-7.0.7.jar:7.0.7]
	at org.springframework.web.servlet.DispatcherServlet.processDispatchResult(DispatcherServlet.java:1042) ~[spring-webmvc-7.0.7.jar:7.0.7]
	at org.springframework.web.servlet.DispatcherServlet.doDispatch(DispatcherServlet.java:980) ~[spring-webmvc-7.0.7.jar:7.0.7]
	at org.springframework.web.servlet.DispatcherServlet.doService(DispatcherServlet.java:866) ~[spring-webmvc-7.0.7.jar:7.0.7]
	at org.springframework.web.servlet.FrameworkServlet.processRequest(FrameworkServlet.java:1000) ~[spring-webmvc-7.0.7.jar:7.0.7]
	at org.springframework.web.servlet.FrameworkServlet.doGet(FrameworkServlet.java:892) ~[spring-webmvc-7.0.7.jar:7.0.7]
	at jakarta.servlet.http.HttpServlet.service(HttpServlet.java:622) ~[tomcat-embed-core-11.0.21.jar:6.1]
	at org.springframework.web.servlet.FrameworkServlet.service(FrameworkServlet.java:874) ~[spring-webmvc-7.0.7.jar:7.0.7]
	at org.springframework.test.web.servlet.TestDispatcherServlet.service(TestDispatcherServlet.java:72) ~[spring-test-7.0.7.jar:7.0.7]
	at jakarta.servlet.http.HttpServlet.service(HttpServlet.java:710) ~[tomcat-embed-core-11.0.21.jar:6.1]
	at org.springframework.mock.web.MockFilterChain$ServletFilterProxy.doFilter(MockFilterChain.java:160) ~[spring-test-7.0.7.jar:7.0.7]
	at org.springframework.mock.web.MockFilterChain.doFilter(MockFilterChain.java:127) ~[spring-test-7.0.7.jar:7.0.7]
	at org.springframework.test.web.servlet.MockMvc.perform(MockMvc.java:199) ~[spring-test-7.0.7.jar:7.0.7]
	at com.smashvn.shop.controller.AdminControllerRenderTest.testDonHangRender(AdminControllerRenderTest.java:26) ~[test-classes/:na]
	at java.base/jdk.internal.reflect.DirectMethodHandleAccessor.invoke(DirectMethodHandleAccessor.java:104) ~[na:na]
	at java.base/java.lang.reflect.Method.invoke(Method.java:565) ~[na:na]
	at org.junit.platform.commons.util.ReflectionUtils.invokeMethod(ReflectionUtils.java:701) ~[junit-platform-commons-6.0.3.jar:6.0.3]
	at org.junit.platform.commons.support.ReflectionSupport.invokeMethod(ReflectionSupport.java:502) ~[junit-platform-commons-6.0.3.jar:6.0.3]
	at org.junit.jupiter.engine.support.MethodReflectionUtils.invoke(MethodReflectionUtils.java:45) ~[junit-jupiter-engine-6.0.3.jar:6.0.3]
	at org.junit.jupiter.engine.execution.MethodInvocation.proceed(MethodInvocation.java:61) ~[junit-jupiter-engine-6.0.3.jar:6.0.3]
	at org.junit.jupiter.engine.execution.InvocationInterceptorChain$ValidatingInvocation.proceed(InvocationInterceptorChain.java:124) ~[junit-jupiter-engine-6.0.3.jar:6.0.3]
	at org.junit.jupiter.engine.extension.TimeoutExtension.intercept(TimeoutExtension.java:163) ~[junit-jupiter-engine-6.0.3.jar:6.0.3]
	at org.junit.jupiter.engine.extension.TimeoutExtension.interceptTestableMethod(TimeoutExtension.java:148) ~[junit-jupiter-engine-6.0.3.jar:6.0.3]
	at org.junit.jupiter.engine.extension.TimeoutExtension.interceptTestMethod(TimeoutExtension.java:86) ~[junit-jupiter-engine-6.0.3.jar:6.0.3]
	at org.junit.jupiter.engine.execution.InterceptingExecutableInvoker$ReflectiveInterceptorCall.lambda$ofVoidMethod$0(InterceptingExecutableInvoker.java:123) ~[junit-jupiter-engine-6.0.3.jar:6.0.3]
	at org.junit.jupiter.engine.execution.InterceptingExecutableInvoker.lambda$invoke$0(InterceptingExecutableInvoker.java:105) ~[junit-jupiter-engine-6.0.3.jar:6.0.3]
	at org.junit.jupiter.engine.execution.InvocationInterceptorChain$InterceptedInvocation.proceed(InvocationInterceptorChain.java:99) ~[junit-jupiter-engine-6.0.3.jar:6.0.3]
	at org.junit.jupiter.engine.execution.InvocationInterceptorChain.proceed(InvocationInterceptorChain.java:66) ~[junit-jupiter-engine-6.0.3.jar:6.0.3]
	at org.junit.jupiter.engine.execution.InvocationInterceptorChain.chainAndInvoke(InvocationInterceptorChain.java:47) ~[junit-jupiter-engine-6.0.3.jar:6.0.3]
	at org.junit.jupiter.engine.execution.InvocationInterceptorChain.invoke(InvocationInterceptorChain.java:39) ~[junit-jupiter-engine-6.0.3.jar:6.0.3]
	at org.junit.jupiter.engine.execution.InterceptingExecutableInvoker.invoke(InterceptingExecutableInvoker.java:104) ~[junit-jupiter-engine-6.0.3.jar:6.0.3]
	at org.junit.jupiter.engine.execution.InterceptingExecutableInvoker.invoke(InterceptingExecutableInvoker.java:98) ~[junit-jupiter-engine-6.0.3.jar:6.0.3]
	at org.junit.jupiter.engine.execution.InterceptingExecutableInvoker.invokeVoid(InterceptingExecutableInvoker.java:71) ~[junit-jupiter-engine-6.0.3.jar:6.0.3]
	at org.junit.jupiter.engine.descriptor.TestMethodTestDescriptor.lambda$invokeTestMethod$0(TestMethodTestDescriptor.java:219) ~[junit-jupiter-engine-6.0.3.jar:6.0.3]
	at org.junit.platform.engine.support.hierarchical.ThrowableCollector.execute(ThrowableCollector.java:74) ~[junit-platform-engine-6.0.3.jar:6.0.3]
	at org.junit.jupiter.engine.descriptor.TestMethodTestDescriptor.invokeTestMethod(TestMethodTestDescriptor.java:215) ~[junit-jupiter-engine-6.0.3.jar:6.0.3]
	at org.junit.jupiter.engine.descriptor.TestMethodTestDescriptor.execute(TestMethodTestDescriptor.java:157) ~[junit-jupiter-engine-6.0.3.jar:6.0.3]
	at org.junit.jupiter.engine.descriptor.TestMethodTestDescriptor.execute(TestMethodTestDescriptor.java:70) ~[junit-jupiter-engine-6.0.3.jar:6.0.3]
	at org.junit.platform.engine.support.hierarchical.NodeTestTask.lambda$executeRecursively$2(NodeTestTask.java:176) ~[junit-platform-engine-6.0.3.jar:6.0.3]
	at org.junit.platform.engine.support.hierarchical.ThrowableCollector.execute(ThrowableCollector.java:74) ~[junit-platform-engine-6.0.3.jar:6.0.3]
	at org.junit.platform.engine.support.hierarchical.NodeTestTask.lambda$executeRecursively$1(NodeTestTask.java:166) ~[junit-platform-engine-6.0.3.jar:6.0.3]
	at org.junit.platform.engine.support.hierarchical.Node.around(Node.java:138) ~[junit-platform-engine-6.0.3.jar:6.0.3]
	at org.junit.platform.engine.support.hierarchical.NodeTestTask.lambda$executeRecursively$0(NodeTestTask.java:164) ~[junit-platform-engine-6.0.3.jar:6.0.3]
	at org.junit.platform.engine.support.hierarchical.ThrowableCollector.execute(ThrowableCollector.java:74) ~[junit-platform-engine-6.0.3.jar:6.0.3]
	at org.junit.platform.engine.support.hierarchical.NodeTestTask.executeRecursively(NodeTestTask.java:163) ~[junit-platform-engine-6.0.3.jar:6.0.3]
	at org.junit.platform.engine.support.hierarchical.NodeTestTask.execute(NodeTestTask.java:116) ~[junit-platform-engine-6.0.3.jar:6.0.3]
	at java.base/java.util.ArrayList.forEach(ArrayList.java:1604) ~[na:na]
	at org.junit.platform.engine.support.hierarchical.SameThreadHierarchicalTestExecutorService.invokeAll(SameThreadHierarchicalTestExecutorService.java:42) ~[junit-platform-engine-6.0.3.jar:6.0.3]
	at org.junit.platform.engine.support.hierarchical.NodeTestTask.lambda$executeRecursively$2(NodeTestTask.java:180) ~[junit-platform-engine-6.0.3.jar:6.0.3]
	at org.junit.platform.engine.support.hierarchical.ThrowableCollector.execute(ThrowableCollector.java:74) ~[junit-platform-engine-6.0.3.jar:6.0.3]
	at org.junit.platform.engine.support.hierarchical.NodeTestTask.lambda$executeRecursively$1(NodeTestTask.java:166) ~[junit-platform-engine-6.0.3.jar:6.0.3]
	at org.junit.platform.engine.support.hierarchical.Node.around(Node.java:138) ~[junit-platform-engine-6.0.3.jar:6.0.3]
	at org.junit.platform.engine.support.hierarchical.NodeTestTask.lambda$executeRecursively$0(NodeTestTask.java:164) ~[junit-platform-engine-6.0.3.jar:6.0.3]
	at org.junit.platform.engine.support.hierarchical.ThrowableCollector.execute(ThrowableCollector.java:74) ~[junit-platform-engine-6.0.3.jar:6.0.3]
	at org.junit.platform.engine.support.hierarchical.NodeTestTask.executeRecursively(NodeTestTask.java:163) ~[junit-platform-engine-6.0.3.jar:6.0.3]
	at org.junit.platform.engine.support.hierarchical.NodeTestTask.execute(NodeTestTask.java:116) ~[junit-platform-engine-6.0.3.jar:6.0.3]
	at java.base/java.util.ArrayList.forEach(ArrayList.java:1604) ~[na:na]
	at org.junit.platform.engine.support.hierarchical.SameThreadHierarchicalTestExecutorService.invokeAll(SameThreadHierarchicalTestExecutorService.java:42) ~[junit-platform-engine-6.0.3.jar:6.0.3]
	at org.junit.platform.engine.support.hierarchical.NodeTestTask.lambda$executeRecursively$2(NodeTestTask.java:180) ~[junit-platform-engine-6.0.3.jar:6.0.3]
	at org.junit.platform.engine.support.hierarchical.ThrowableCollector.execute(ThrowableCollector.java:74) ~[junit-platform-engine-6.0.3.jar:6.0.3]
	at org.junit.platform.engine.support.hierarchical.NodeTestTask.lambda$executeRecursively$1(NodeTestTask.java:166) ~[junit-platform-engine-6.0.3.jar:6.0.3]
	at org.junit.platform.engine.support.hierarchical.Node.around(Node.java:138) ~[junit-platform-engine-6.0.3.jar:6.0.3]
	at org.junit.platform.engine.support.hierarchical.NodeTestTask.lambda$executeRecursively$0(NodeTestTask.java:164) ~[junit-platform-engine-6.0.3.jar:6.0.3]
	at org.junit.platform.engine.support.hierarchical.ThrowableCollector.execute(ThrowableCollector.java:74) ~[junit-platform-engine-6.0.3.jar:6.0.3]
	at org.junit.platform.engine.support.hierarchical.NodeTestTask.executeRecursively(NodeTestTask.java:163) ~[junit-platform-engine-6.0.3.jar:6.0.3]
	at org.junit.platform.engine.support.hierarchical.NodeTestTask.execute(NodeTestTask.java:116) ~[junit-platform-engine-6.0.3.jar:6.0.3]
	at org.junit.platform.engine.support.hierarchical.SameThreadHierarchicalTestExecutorService.submit(SameThreadHierarchicalTestExecutorService.java:36) ~[junit-platform-engine-6.0.3.jar:6.0.3]
	at org.junit.platform.engine.support.hierarchical.HierarchicalTestExecutor.execute(HierarchicalTestExecutor.java:52) ~[junit-platform-engine-6.0.3.jar:6.0.3]
	at org.junit.platform.engine.support.hierarchical.HierarchicalTestEngine.execute(HierarchicalTestEngine.java:58) ~[junit-platform-engine-6.0.3.jar:6.0.3]
	at org.junit.platform.launcher.core.EngineExecutionOrchestrator.executeEngine(EngineExecutionOrchestrator.java:246) ~[junit-platform-launcher-6.0.3.jar:6.0.3]
	at org.junit.platform.launcher.core.EngineExecutionOrchestrator.failOrExecuteEngine(EngineExecutionOrchestrator.java:218) ~[junit-platform-launcher-6.0.3.jar:6.0.3]
	at org.junit.platform.launcher.core.EngineExecutionOrchestrator.execute(EngineExecutionOrchestrator.java:179) ~[junit-platform-launcher-6.0.3.jar:6.0.3]
	at org.junit.platform.launcher.core.EngineExecutionOrchestrator.execute(EngineExecutionOrchestrator.java:108) ~[junit-platform-launcher-6.0.3.jar:6.0.3]
	at org.junit.platform.launcher.core.EngineExecutionOrchestrator.lambda$execute$0(EngineExecutionOrchestrator.java:66) ~[junit-platform-launcher-6.0.3.jar:6.0.3]
	at org.junit.platform.launcher.core.EngineExecutionOrchestrator.withInterceptedStreams(EngineExecutionOrchestrator.java:157) ~[junit-platform-launcher-6.0.3.jar:6.0.3]
	at org.junit.platform.launcher.core.EngineExecutionOrchestrator.execute(EngineExecutionOrchestrator.java:65) ~[junit-platform-launcher-6.0.3.jar:6.0.3]
	at org.junit.platform.launcher.core.DefaultLauncher.execute(DefaultLauncher.java:125) ~[junit-platform-launcher-6.0.3.jar:6.0.3]
	at org.junit.platform.launcher.core.DefaultLauncher.execute(DefaultLauncher.java:114) ~[junit-platform-launcher-6.0.3.jar:6.0.3]
	at org.junit.platform.launcher.core.DelegatingLauncher.execute(DelegatingLauncher.java:58) ~[junit-platform-launcher-6.0.3.jar:6.0.3]
	at org.junit.platform.launcher.core.InterceptingLauncher.lambda$execute$2(InterceptingLauncher.java:57) ~[junit-platform-launcher-6.0.3.jar:6.0.3]
	at org.junit.platform.launcher.core.ClasspathAlignmentCheckingLauncherInterceptor.intercept(ClasspathAlignmentCheckingLauncherInterceptor.java:25) ~[junit-platform-launcher-6.0.3.jar:6.0.3]
	at org.junit.platform.launcher.core.InterceptingLauncher.execute(InterceptingLauncher.java:56) ~[junit-platform-launcher-6.0.3.jar:6.0.3]
	at org.junit.platform.launcher.core.DelegatingLauncher.execute(DelegatingLauncher.java:58) ~[junit-platform-launcher-6.0.3.jar:6.0.3]
	at java.base/jdk.internal.reflect.DirectMethodHandleAccessor.invoke(DirectMethodHandleAccessor.java:104) ~[na:na]
	at java.base/java.lang.reflect.Method.invoke(Method.java:565) ~[na:na]
	at org.apache.maven.surefire.api.util.ReflectionUtils.invokeMethodWithArray(ReflectionUtils.java:125) ~[surefire-api-3.5.5.jar:3.5.5]
	at org.apache.maven.surefire.junitplatform.LauncherAdapter.executeWithCancellationToken(LauncherAdapter.java:68) ~[surefire-junit-platform-3.5.5.jar:3.5.5]
	at org.apache.maven.surefire.junitplatform.LauncherAdapter.execute(LauncherAdapter.java:54) ~[surefire-junit-platform-3.5.5.jar:3.5.5]
	at org.apache.maven.surefire.junitplatform.JUnitPlatformProvider.execute(JUnitPlatformProvider.java:203) ~[surefire-junit-platform-3.5.5.jar:3.5.5]
	at org.apache.maven.surefire.junitplatform.JUnitPlatformProvider.invokeAllTests(JUnitPlatformProvider.java:168) ~[surefire-junit-platform-3.5.5.jar:3.5.5]
	at org.apache.maven.surefire.junitplatform.JUnitPlatformProvider.invoke(JUnitPlatformProvider.java:136) ~[surefire-junit-platform-3.5.5.jar:3.5.5]
	at org.apache.maven.surefire.booter.ForkedBooter.runSuitesInProcess(ForkedBooter.java:385) ~[surefire-booter-3.5.5.jar:3.5.5]
	at org.apache.maven.surefire.booter.ForkedBooter.execute(ForkedBooter.java:162) ~[surefire-booter-3.5.5.jar:3.5.5]
	at org.apache.maven.surefire.booter.ForkedBooter.run(ForkedBooter.java:507) ~[surefire-booter-3.5.5.jar:3.5.5]
	at org.apache.maven.surefire.booter.ForkedBooter.main(ForkedBooter.java:495) ~[surefire-booter-3.5.5.jar:3.5.5]

[ERROR] Tests run: 1, Failures: 0, Errors: 1, Skipped: 0, Time elapsed: 10.63 s <<< FAILURE! -- in com.smashvn.shop.controller.AdminControllerRenderTest
[ERROR] com.smashvn.shop.controller.AdminControllerRenderTest.testDonHangRender -- Time elapsed: 0.748 s <<< ERROR!
jakarta.servlet.ServletException: Request processing failed: org.thymeleaf.exceptions.TemplateProcessingException: Instantiation of new objects and access to static classes or parameters is forbidden in this context (template: "admin/donhang-list" - line 127, col 59)
	at org.springframework.web.servlet.FrameworkServlet.processRequest(FrameworkServlet.java:1008)
	at org.springframework.web.servlet.FrameworkServlet.doGet(FrameworkServlet.java:892)
	at jakarta.servlet.http.HttpServlet.service(HttpServlet.java:622)
	at org.springframework.web.servlet.FrameworkServlet.service(FrameworkServlet.java:874)
	at org.springframework.test.web.servlet.TestDispatcherServlet.service(TestDispatcherServlet.java:72)
	at jakarta.servlet.http.HttpServlet.service(HttpServlet.java:710)
	at org.springframework.mock.web.MockFilterChain$ServletFilterProxy.doFilter(MockFilterChain.java:160)
	at org.springframework.mock.web.MockFilterChain.doFilter(MockFilterChain.java:127)
	at org.springframework.test.web.servlet.MockMvc.perform(MockMvc.java:199)
	at com.smashvn.shop.controller.AdminControllerRenderTest.testDonHangRender(AdminControllerRenderTest.java:26)
Caused by: org.thymeleaf.exceptions.TemplateProcessingException: Instantiation of new objects and access to static classes or parameters is forbidden in this context (template: "admin/donhang-list" - line 127, col 59)
	at org.thymeleaf.spring6.expression.SPELVariableExpressionEvaluator.obtainComputedSpelExpression(SPELVariableExpressionEvaluator.java:319)
	at org.thymeleaf.spring6.expression.SPELVariableExpressionEvaluator.evaluate(SPELVariableExpressionEvaluator.java:159)
	at org.thymeleaf.standard.expression.VariableExpression.executeVariableExpression(VariableExpression.java:166)
	at org.thymeleaf.standard.expression.SimpleExpression.executeSimple(SimpleExpression.java:66)
	at org.thymeleaf.standard.expression.Expression.execute(Expression.java:109)
	at org.thymeleaf.standard.expression.Expression.execute(Expression.java:138)
	at org.thymeleaf.standard.processor.StandardDefaultAttributesTagProcessor.processDefaultAttribute(StandardDefaultAttributesTagProcessor.java:165)
	at org.thymeleaf.standard.processor.StandardDefaultAttributesTagProcessor.process(StandardDefaultAttributesTagProcessor.java:98)
	at org.thymeleaf.util.ProcessorConfigurationUtils$ElementTagProcessorWrapper.process(ProcessorConfigurationUtils.java:633)
	at org.thymeleaf.engine.ProcessorTemplateHandler.handleOpenElement(ProcessorTemplateHandler.java:1314)
	at org.thymeleaf.engine.OpenElementTag.beHandled(OpenElementTag.java:205)
	at org.thymeleaf.engine.Model.process(Model.java:282)
	at org.thymeleaf.engine.Model.process(Model.java:290)
	at org.thymeleaf.engine.IteratedGatheringModelProcessable.processIterationModel(IteratedGatheringModelProcessable.java:368)
	at org.thymeleaf.engine.IteratedGatheringModelProcessable.process(IteratedGatheringModelProcessable.java:222)
	at org.thymeleaf.engine.ProcessorTemplateHandler.handleCloseElement(ProcessorTemplateHandler.java:1640)
	at org.thymeleaf.engine.CloseElementTag.beHandled(CloseElementTag.java:139)
	at org.thymeleaf.engine.TemplateModel.process(TemplateModel.java:136)
	at org.thymeleaf.engine.TemplateManager.parseAndProcess(TemplateManager.java:661)
	at org.thymeleaf.TemplateEngine.process(TemplateEngine.java:1103)
	at org.thymeleaf.TemplateEngine.process(TemplateEngine.java:1077)
	at org.thymeleaf.spring6.view.ThymeleafView.renderFragment(ThymeleafView.java:374)
	at org.thymeleaf.spring6.view.ThymeleafView.render(ThymeleafView.java:193)
	at org.springframework.web.servlet.DispatcherServlet.render(DispatcherServlet.java:1305)
	at org.springframework.test.web.servlet.TestDispatcherServlet.render(TestDispatcherServlet.java:137)
	at org.springframework.web.servlet.DispatcherServlet.processDispatchResult(DispatcherServlet.java:1042)
	at org.springframework.web.servlet.DispatcherServlet.doDispatch(DispatcherServlet.java:980)
	at org.springframework.web.servlet.DispatcherServlet.doService(DispatcherServlet.java:866)
	at org.springframework.web.servlet.FrameworkServlet.processRequest(FrameworkServlet.java:1000)
	... 9 more

[INFO] 
[INFO] Results:
[INFO] 
[ERROR] Errors: 
[ERROR]   AdminControllerRenderTest.testDonHangRender:26 » Servlet Request processing failed: org.thymeleaf.exceptions.TemplateProcessingException: Instantiation of new objects and access to static classes or parameters is forbidden in this context (template: "admin/donhang-list" - line 127, col 59)
[INFO] 
[ERROR] Tests run: 1, Failures: 0, Errors: 1, Skipped: 0
[INFO] 
[INFO] ------------------------------------------------------------------------
[INFO] BUILD FAILURE
[INFO] ------------------------------------------------------------------------
[INFO] Total time:  12.939 s
[INFO] Finished at: 2026-06-10T09:42:51+07:00
[INFO] ------------------------------------------------------------------------
[ERROR] Failed to execute goal org.apache.maven.plugins:maven-surefire-plugin:3.5.5:test (default-test) on project SMASH-VN: 
[ERROR] 
[ERROR] See H:\SMASH_VN\SMASH-VN_Shop-ban-vot-cau-long\target\surefire-reports for the individual test results.
[ERROR] See dump files (if any exist) [date].dump, [date]-jvmRun[N].dump and [date].dumpstream.
[ERROR] -> [Help 1]
[ERROR] 
[ERROR] To see the full stack trace of the errors, re-run Maven with the -e switch.
[ERROR] Re-run Maven using the -X switch to enable full debug logging.
[ERROR] 
[ERROR] For more information about the errors and possible solutions, please read the following articles:
[ERROR] [Help 1] http://cwiki.apache.org/confluence/display/MAVEN/MojoFailureException
